
> ebad_academy_website@1.0.0 test
> playwright test

[dotenv@17.2.3] injecting env (6) from .env.test -- tip: ⚙️  enable debug logging with { debug: true }
[2m[WebServer] [22m [33m[1m⚠[22m[39m The "middleware" file convention is deprecated. Please use "proxy" instead. Learn more: https://nextjs.org/docs/messages/middleware-to-proxy
[31mConfiguration Error: HTML reporter output folder clashes with the tests output folder:[39m

    html reporter folder: [1m/Users/samireldirini/Desktop/Ebad_academy_website/test-results/html-report[22m
    test results folder: [1m/Users/samireldirini/Desktop/Ebad_academy_website/test-results[22m

HTML reporter will clear its output directory prior to being generated, which will lead to the artifact loss.


Running 117 tests using 7 workers

[dotenv@17.2.3] injecting env (0) from .env.test -- tip: 🔐 encrypt with Dotenvx: https://dotenvx.com
[dotenv@17.2.3] injecting env (0) from .env.test -- tip: 🔐 prevent committing .env to code: https://dotenvx.com/precommit
[dotenv@17.2.3] injecting env (0) from .env.test -- tip: 🔐 prevent committing .env to code: https://dotenvx.com/precommit
[dotenv@17.2.3] injecting env (0) from .env.test -- tip: ⚙️  specify custom .env file path with { path: '/custom/path/.env' }
[dotenv@17.2.3] injecting env (0) from .env.test -- tip: 🔐 encrypt with Dotenvx: https://dotenvx.com
[dotenv@17.2.3] injecting env (0) from .env.test -- tip: 📡 add observability to secrets: https://dotenvx.com/ops
[dotenv@17.2.3] injecting env (0) from .env.test -- tip: 🔑 add access controls to secrets: https://dotenvx.com/ops
  ✓    1 [chromium] › tests/accessibility.spec.ts:31:7 › Accessibility and Performance › should have alt text for images (1.3s)
  ✓    4 [chromium] › tests/accessibility.spec.ts:12:7 › Accessibility and Performance › should have proper meta descriptions (1.3s)
  ✓    3 [chromium] › tests/accessibility.spec.ts:81:7 › Accessibility and Performance › should have proper color contrast (basic check) (1.3s)
  ✓    7 [chromium] › tests/accessibility.spec.ts:19:7 › Accessibility and Performance › should have proper heading hierarchy (1.4s)
  ✓    2 [chromium] › tests/accessibility.spec.ts:48:7 › Accessibility and Performance › should have proper ARIA labels for interactive elements (1.3s)
  ✓    6 [chromium] › tests/accessibility.spec.ts:4:7 › Accessibility and Performance › should have proper page titles (1.4s)
  ✓    5 [chromium] › tests/accessibility.spec.ts:67:7 › Accessibility and Performance › should be keyboard navigable (1.8s)
  ✓   10 [chromium] › tests/accessibility.spec.ts:109:7 › Accessibility and Performance › should work on mobile viewport (846ms)
  ✓    8 [chromium] › tests/accessibility.spec.ts:102:7 › Accessibility and Performance › should have responsive viewport meta tag (857ms)
  ✓   12 [chromium] › tests/accessibility.spec.ts:125:7 › Accessibility and Performance › should work on tablet viewport (943ms)
  ✓   13 [chromium] › tests/accessibility.spec.ts:145:7 › Accessibility and Performance › should have skip to main content link (991ms)
  ✓    9 [chromium] › tests/accessibility.spec.ts:92:7 › Accessibility and Performance › should load within acceptable time (1.4s)
  ✓   11 [chromium] › tests/accessibility.spec.ts:132:7 › Accessibility and Performance › should have proper form labels (1.3s)
  ✓   14 [chromium] › tests/accessibility.spec.ts:158:7 › Accessibility and Performance › should have proper language attributes (1.1s)
  ✓   15 [chromium] › tests/accessibility.spec.ts:167:7 › Accessibility and Performance › should have proper focus indicators (1.2s)
  ✓   16 [chromium] › tests/admin.spec.ts:25:7 › Admin Panel Features › should access admin dashboard (3.3s)
  ✓   17 [chromium] › tests/admin.spec.ts:50:7 › Admin Panel Features › should display user management section (3.3s)
  ✓   18 [chromium] › tests/admin.spec.ts:69:7 › Admin Panel Features › should display content management section (3.3s)
  ✓   20 [chromium] › tests/admin.spec.ts:107:7 › Admin Panel Features › should allow editing existing lesson (2.9s)
  ✓   19 [chromium] › tests/admin.spec.ts:88:7 › Admin Panel Features › should allow creating new lesson (3.0s)
  ✓   26 [chromium] › tests/auth.spec.ts:8:7 › Authentication Flow › should display landing page correctly (925ms)
  ✓   27 [chromium] › tests/auth.spec.ts:22:7 › Authentication Flow › should navigate to registration page (1.5s)
  ✓   29 [chromium] › tests/auth.spec.ts:69:7 › Authentication Flow › should login with existing credentials (1.3s)
  ✓   30 [chromium] › tests/auth.spec.ts:94:7 › Authentication Flow › should show validation errors for invalid registration (873ms)
  ✓   31 [chromium] › tests/auth.spec.ts:109:7 › Authentication Flow › should switch language between Arabic and English (918ms)
  ✓   32 [chromium] › tests/auth.spec.ts:132:7 › Authentication Flow › should logout successfully (1.2s)
  ✓   33 [chromium] › tests/auth.spec.ts:160:7 › Authentication Flow › should handle RTL layout for Arabic (957ms)
  ✓   34 [chromium] › tests/auth.spec.ts:172:7 › Authentication Flow › should handle LTR layout for English (906ms)
  ✘   21 [chromium] › tests/admin.spec.ts:126:7 › Admin Panel Features › should display quiz management (30.5s)
[dotenv@17.2.3] injecting env (0) from .env.test -- tip: ⚙️  specify custom .env file path with { path: '/custom/path/.env' }
  ✘   22 [chromium] › tests/admin.spec.ts:145:7 › Admin Panel Features › should show analytics and statistics (30.5s)
[dotenv@17.2.3] injecting env (0) from .env.test -- tip: ⚙️  load multiple .env files with { path: ['.env.local', '.env'] }
  ✘   23 [chromium] › tests/admin.spec.ts:162:7 › Admin Panel Features › should allow managing user roles (30.5s)
  ✘   24 [chromium] › tests/admin.spec.ts:177:7 › Admin Panel Features › should display level and branch management (30.5s)
  ✘   25 [chromium] › tests/admin.spec.ts:196:7 › Admin Panel Features › should have proper admin-only access control (30.5s)
[dotenv@17.2.3] injecting env (0) from .env.test -- tip: 🔐 encrypt with Dotenvx: https://dotenvx.com
[dotenv@17.2.3] injecting env (0) from .env.test -- tip: 🔐 prevent committing .env to code: https://dotenvx.com/precommit
[dotenv@17.2.3] injecting env (0) from .env.test -- tip: ⚙️  enable debug logging with { debug: true }
  ✘   28 [chromium] › tests/auth.spec.ts:40:7 › Authentication Flow › should register a new user successfully (30.0s)
[dotenv@17.2.3] injecting env (0) from .env.test -- tip: ⚙️  enable debug logging with { debug: true }
  ✘   35 [chromium] › tests/critical-priority.spec.ts:107:7 › CRITICAL PRIORITY - Must Pass Tests › 1. ✅ User can register and login (30.1s)
[dotenv@17.2.3] injecting env (0) from .env.test -- tip: ✅ audit secrets and track compliance: https://dotenvx.com/ops
  ✓   42 [chromium] › tests/critical-priority.spec.ts:339:7 › CRITICAL PRIORITY - Must Pass Tests › 8. ✅ Both Arabic and English interfaces functional (2.0s)
  ✘   43 [chromium] › tests/critical-priority.spec.ts:376:7 › CRITICAL PRIORITY - Must Pass Tests › 9. ✅ Mobile responsive (iPhone/Android) (1.6s)
[dotenv@17.2.3] injecting env (0) from .env.test -- tip: ⚙️  write to custom object with { processEnv: myObject }
  ✘   36 [chromium] › tests/critical-priority.spec.ts:131:7 › CRITICAL PRIORITY - Must Pass Tests › 2. ✅ Quiz auto-grading calculates scores correctly (30.5s)
[dotenv@17.2.3] injecting env (0) from .env.test -- tip: 🔐 prevent committing .env to code: https://dotenvx.com/precommit
  ✘   37 [chromium] › tests/critical-priority.spec.ts:166:7 › CRITICAL PRIORITY - Must Pass Tests › 3. ✅ Passing quiz (≥60%) marks lesson as completed (30.5s)
[dotenv@17.2.3] injecting env (0) from .env.test -- tip: ⚙️  override existing env vars with { override: true }
  ✘   40 [chromium] › tests/critical-priority.spec.ts:269:7 › CRITICAL PRIORITY - Must Pass Tests › 6. ✅ Progress persists across sessions (30.0s)
[dotenv@17.2.3] injecting env (0) from .env.test -- tip: 🔐 encrypt with Dotenvx: https://dotenvx.com
  ✘   38 [chromium] › tests/critical-priority.spec.ts:203:7 › CRITICAL PRIORITY - Must Pass Tests › 4. ✅ Failing quiz (<60%) does NOT mark as completed (30.6s)
  ✘   39 [chromium] › tests/critical-priority.spec.ts:242:7 › CRITICAL PRIORITY - Must Pass Tests › 5. ✅ Level 2 unlocks ONLY when ALL Level 1 lessons completed with ≥60% (30.5s)
[dotenv@17.2.3] injecting env (0) from .env.test -- tip: 📡 add observability to secrets: https://dotenvx.com/ops
[dotenv@17.2.3] injecting env (0) from .env.test -- tip: ⚙️  override existing env vars with { override: true }
  ✘   41 [chromium] › tests/critical-priority.spec.ts:300:7 › CRITICAL PRIORITY - Must Pass Tests › 7. ✅ PDF downloads work (30.6s)
[dotenv@17.2.3] injecting env (0) from .env.test -- tip: ⚙️  specify custom .env file path with { path: '/custom/path/.env' }
  ✘   44 [chromium] › tests/critical-priority.spec.ts:424:7 › CRITICAL PRIORITY - Must Pass Tests › 10. ✅ Registration automatically unlocks Level 1 (30.0s)
[dotenv@17.2.3] injecting env (0) from .env.test -- tip: ⚙️  enable debug logging with { debug: true }
  ✘   45 [chromium] › tests/critical-priority.spec.ts:453:7 › CRITICAL BUSINESS LOGIC - Quiz Grading System › Quiz scoring edge cases (30.5s)
[dotenv@17.2.3] injecting env (0) from .env.test -- tip: 🔑 add access controls to secrets: https://dotenvx.com/ops
  ✘   46 [chromium] › tests/dashboard-progress.spec.ts:23:7 › Dashboard and Progress Tracking › should display user dashboard with progress overview (30.5s)
[dotenv@17.2.3] injecting env (0) from .env.test -- tip: 🔐 encrypt with Dotenvx: https://dotenvx.com
  ✘   47 [chromium] › tests/dashboard-progress.spec.ts:36:7 › Dashboard and Progress Tracking › should display current level information (30.5s)
[dotenv@17.2.3] injecting env (0) from .env.test -- tip: 🔑 add access controls to secrets: https://dotenvx.com/ops
  ✘   48 [chromium] › tests/dashboard-progress.spec.ts:51:7 › Dashboard and Progress Tracking › should display all 6 branches (30.5s)
  ✘   49 [chromium] › tests/dashboard-progress.spec.ts:84:7 › Dashboard and Progress Tracking › should show progress percentage or completion status (30.5s)
[dotenv@17.2.3] injecting env (0) from .env.test -- tip: 🛠️  run anywhere with `dotenvx run -- yourcommand`
[dotenv@17.2.3] injecting env (0) from .env.test -- tip: ⚙️  specify custom .env file path with { path: '/custom/path/.env' }
  ✘   50 [chromium] › tests/dashboard-progress.spec.ts:100:7 › Dashboard and Progress Tracking › should display lessons for each branch (30.6s)
[dotenv@17.2.3] injecting env (0) from .env.test -- tip: ⚙️  specify custom .env file path with { path: '/custom/path/.env' }
  ✘   51 [chromium] › tests/dashboard-progress.spec.ts:119:7 › Dashboard and Progress Tracking › should show locked/unlocked status for levels (30.5s)
[dotenv@17.2.3] injecting env (0) from .env.test -- tip: 👥 sync secrets across teammates & machines: https://dotenvx.com/ops
  ✘   52 [chromium] › tests/dashboard-progress.spec.ts:134:7 › Dashboard and Progress Tracking › should display user profile information (30.5s)
[dotenv@17.2.3] injecting env (0) from .env.test -- tip: 📡 add observability to secrets: https://dotenvx.com/ops
  ✘   53 [chromium] › tests/dashboard-progress.spec.ts:150:7 › Dashboard and Progress Tracking › should show achievements or badges section (30.5s)
[dotenv@17.2.3] injecting env (0) from .env.test -- tip: ✅ audit secrets and track compliance: https://dotenvx.com/ops
  ✘   54 [chromium] › tests/dashboard-progress.spec.ts:168:7 › Dashboard and Progress Tracking › should display spiritual progress tracker (30.5s)
[dotenv@17.2.3] injecting env (0) from .env.test -- tip: 🗂️ backup and recover secrets: https://dotenvx.com/ops
  ✘   55 [chromium] › tests/dashboard-progress.spec.ts:183:7 › Dashboard and Progress Tracking › should show leaderboard or ranking (30.5s)
  ✘   56 [chromium] › tests/dashboard-progress.spec.ts:199:7 › Dashboard and Progress Tracking › should navigate to levels overview page (30.5s)
[dotenv@17.2.3] injecting env (0) from .env.test -- tip: 🔐 prevent committing .env to code: https://dotenvx.com/precommit
[dotenv@17.2.3] injecting env (0) from .env.test -- tip: ⚙️  suppress all logs with { quiet: true }
  ✘   57 [chromium] › tests/dashboard-progress.spec.ts:214:7 › Dashboard and Progress Tracking › should show next lesson recommendation (30.5s)
[dotenv@17.2.3] injecting env (0) from .env.test -- tip: ✅ audit secrets and track compliance: https://dotenvx.com/ops
  ✘   58 [chromium] › tests/dashboard-progress.spec.ts:228:7 › Dashboard and Progress Tracking › should display statistics (lessons completed, quizzes passed) (30.5s)
[dotenv@17.2.3] injecting env (0) from .env.test -- tip: 📡 add observability to secrets: https://dotenvx.com/ops
  ✘   59 [chromium] › tests/dashboard-progress.spec.ts:239:7 › Dashboard and Progress Tracking › should have responsive sidebar navigation (30.5s)
[dotenv@17.2.3] injecting env (0) from .env.test -- tip: ⚙️  specify custom .env file path with { path: '/custom/path/.env' }
  ✘   60 [chromium] › tests/dashboard-progress.spec.ts:255:7 › Dashboard and Progress Tracking › should display theme toggle (dark/light mode) (30.5s)
[dotenv@17.2.3] injecting env (0) from .env.test -- tip: 🛠️  run anywhere with `dotenvx run -- yourcommand`
  ✘   61 [chromium] › tests/lesson-quiz.spec.ts:23:7 › Lesson and Quiz Flow › should display dashboard with levels and branches (30.5s)
[dotenv@17.2.3] injecting env (0) from .env.test -- tip: 👥 sync secrets across teammates & machines: https://dotenvx.com/ops
  ✘   62 [chromium] › tests/lesson-quiz.spec.ts:58:7 › Lesson and Quiz Flow › should navigate to a lesson (30.5s)
  ✘   63 [chromium] › tests/lesson-quiz.spec.ts:83:7 › Lesson and Quiz Flow › should display lesson content with PDF viewer option (30.5s)
[dotenv@17.2.3] injecting env (0) from .env.test -- tip: 🗂️ backup and recover secrets: https://dotenvx.com/ops
[dotenv@17.2.3] injecting env (0) from .env.test -- tip: ⚙️  write to custom object with { processEnv: myObject }
  ✘   64 [chromium] › tests/lesson-quiz.spec.ts:109:7 › Lesson and Quiz Flow › should navigate to quiz from lesson (30.6s)
[dotenv@17.2.3] injecting env (0) from .env.test -- tip: ✅ audit secrets and track compliance: https://dotenvx.com/ops
Landing page load time: 1054ms
  ✓   70 [chromium] › tests/performance-comprehensive.spec.ts:123:7 › PAGE LOAD PERFORMANCE › Landing page loads within 2 seconds (1.3s)
  ✘   65 [chromium] › tests/lesson-quiz.spec.ts:145:7 › Lesson and Quiz Flow › should display quiz questions and allow answering (30.5s)
[dotenv@17.2.3] injecting env (0) from .env.test -- tip: ⚙️  suppress all logs with { quiet: true }
  ✘   66 [chromium] › tests/lesson-quiz.spec.ts:202:7 › Lesson and Quiz Flow › should navigate between quiz questions (30.5s)
[dotenv@17.2.3] injecting env (0) from .env.test -- tip: ✅ audit secrets and track compliance: https://dotenvx.com/ops
  ✘   67 [chromium] › tests/lesson-quiz.spec.ts:226:7 › Lesson and Quiz Flow › should submit quiz and show results (30.5s)
[dotenv@17.2.3] injecting env (0) from .env.test -- tip: 🔐 prevent committing .env to code: https://dotenvx.com/precommit
Arabic page load time: 1161ms
  ✓   74 [chromium] › tests/performance-comprehensive.spec.ts:177:7 › PAGE LOAD PERFORMANCE › Arabic pages load efficiently (RTL performance) (1.4s)
  ✘   68 [chromium] › tests/lesson-quiz.spec.ts:274:7 › Lesson and Quiz Flow › should show passing message for score >= 60% (30.5s)
[dotenv@17.2.3] injecting env (0) from .env.test -- tip: 🔐 prevent building .env in docker: https://dotenvx.com/prebuild
  ✘   69 [chromium] › tests/lesson-quiz.spec.ts:286:7 › Lesson and Quiz Flow › should allow quiz retake on failure (30.5s)
[dotenv@17.2.3] injecting env (0) from .env.test -- tip: 👥 sync secrets across teammates & machines: https://dotenvx.com/ops
  ✘   71 [chromium] › tests/performance-comprehensive.spec.ts:134:7 › PAGE LOAD PERFORMANCE › Dashboard loads within 3 seconds (30.7s)
[dotenv@17.2.3] injecting env (0) from .env.test -- tip: ⚙️  suppress all logs with { quiet: true }
  ✘   72 [chromium] › tests/performance-comprehensive.spec.ts:149:7 › PAGE LOAD PERFORMANCE › Lesson page loads within 2 seconds (30.5s)
[dotenv@17.2.3] injecting env (0) from .env.test -- tip: ⚙️  suppress all logs with { quiet: true }
  ✓   79 [chromium] › tests/performance-comprehensive.spec.ts:322:7 › RESOURCE PERFORMANCE › Image optimization and loading (790ms)
Font loading metrics: { firstPaint: [33m364[39m, firstContentfulPaint: [33m364[39m }
Resource metrics: { transferSize: [32m'15KB'[39m, encodedBodySize: [32m'15KB'[39m }
  ✓   80 [chromium] › tests/performance-comprehensive.spec.ts:361:7 › RESOURCE PERFORMANCE › Font loading performance (916ms)
  ✓   81 [chromium] › tests/performance-comprehensive.spec.ts:380:7 › RESOURCE PERFORMANCE › Bundle size and code splitting (746ms)
Mobile load time: 1044ms
  ✓   82 [chromium] › tests/performance-comprehensive.spec.ts:403:7 › MOBILE PERFORMANCE › Mobile performance optimization (1.2s)
3G network load time: 5937ms
  ✓   75 [chromium] › tests/performance-comprehensive.spec.ts:196:7 › NETWORK PERFORMANCE › Performance on 3G network (6.2s)
  ✘   73 [chromium] › tests/performance-comprehensive.spec.ts:164:7 › PAGE LOAD PERFORMANCE › Quiz page loads within 2 seconds (30.5s)
[dotenv@17.2.3] injecting env (0) from .env.test -- tip: 📡 add observability to secrets: https://dotenvx.com/ops
Core Web Vitals approximation: { FCP: [32m'364ms'[39m, LCP: [32m'0ms'[39m, FID: [32m'Not measurable in automated tests'[39m }
  ✓   86 [chromium] › tests/performance-comprehensive.spec.ts:529:7 › PERFORMANCE REGRESSION › Core Web Vitals compliance (852ms)
  ✘   76 [chromium] › tests/performance-comprehensive.spec.ts:209:7 › NETWORK PERFORMANCE › API response times under load (30.5s)
[dotenv@17.2.3] injecting env (0) from .env.test -- tip: ⚙️  suppress all logs with { quiet: true }

=== PERFORMANCE SUMMARY ===
Concurrent user 4 failed: page.waitForURL: Test timeout of 30000ms exceeded.
=========================== logs ===========================
waiting for navigation until "load"
============================================================
    at [90m/Users/samireldirini/Desktop/Ebad_academy_website/[39mtests/performance-comprehensive.spec.ts:266:24
    at [90m/Users/samireldirini/Desktop/Ebad_academy_website/[39mtests/performance-comprehensive.spec.ts:275:21 {
  [[32mSymbol(step)[39m]: {
    location: {
      file: [32m'/Users/samireldirini/Desktop/Ebad_academy_website/tests/performance-comprehensive.spec.ts'[39m,
      line: [33m266[39m,
      column: [33m24[39m
    },
    category: [32m'pw:api'[39m,
    title: [32m'Wait for navigation'[39m,
    apiName: [32m'page.waitForURL'[39m,
    params: { info: [36m[Object][39m },
    group: [90mundefined[39m,
    stepId: [32m'pw:api@69'[39m,
    boxedStack: [90mundefined[39m,
    steps: [],
    attachmentIndices: [],
    info: TestStepInfoImpl {
      annotations: [],
      _testInfo: [36m[TestInfoImpl][39m,
      _stepId: [32m'pw:api@69'[39m,
      _title: [32m'Wait for navigation'[39m,
      _parentStep: [90mundefined[39m,
      skip: [36m[Function (anonymous)][39m
    },
    complete: [36m[Function: complete][39m,
    endWallTime: [33m1763909793531[39m,
    error: {
      message: [32m'Error: page.waitForURL: Test timeout of 30000ms exceeded.\n'[39m +
        [32m'=========================== logs ===========================\n'[39m +
        [32m'waiting for navigation until "load"\n'[39m +
        [32m'============================================================'[39m,
      stack: [32m'Error: page.waitForURL: Test timeout of 30000ms exceeded.\n'[39m +
        [32m'=========================== logs ===========================\n'[39m +
        [32m'waiting for navigation until "load"\n'[39m +
        [32m'============================================================\n'[39m +
        [32m'    at /Users/samireldirini/Desktop/Ebad_academy_website/tests/performance-comprehensive.spec.ts:266:24\n'[39m +
        [32m'    at /Users/samireldirini/Desktop/Ebad_academy_website/tests/performance-comprehensive.spec.ts:275:21'[39m,
      cause: [90mundefined[39m
    }
  }
}
Concurrent user 3 failed: page.waitForURL: Test timeout of 30000ms exceeded.
=========================== logs ===========================
waiting for navigation until "load"
============================================================
    at [90m/Users/samireldirini/Desktop/Ebad_academy_website/[39mtests/performance-comprehensive.spec.ts:266:24
    at [90m/Users/samireldirini/Desktop/Ebad_academy_website/[39mtests/performance-comprehensive.spec.ts:275:21 {
  [[32mSymbol(step)[39m]: {
    location: {
      file: [32m'/Users/samireldirini/Desktop/Ebad_academy_website/tests/performance-comprehensive.spec.ts'[39m,
      line: [33m266[39m,
      column: [33m24[39m
    },
    category: [32m'pw:api'[39m,
    title: [32m'Wait for navigation'[39m,
    apiName: [32m'page.waitForURL'[39m,
    params: { info: [36m[Object][39m },
    group: [90mundefined[39m,
    stepId: [32m'pw:api@66'[39m,
    boxedStack: [90mundefined[39m,
    steps: [],
    attachmentIndices: [],
    info: TestStepInfoImpl {
      annotations: [],
      _testInfo: [36m[TestInfoImpl][39m,
      _stepId: [32m'pw:api@66'[39m,
      _title: [32m'Wait for navigation'[39m,
      _parentStep: [90mundefined[39m,
      skip: [36m[Function (anonymous)][39m
    },
    complete: [36m[Function: complete][39m,
    endWallTime: [33m1763909793532[39m,
    error: {
      message: [32m'Error: page.waitForURL: Test timeout of 30000ms exceeded.\n'[39m +
        [32m'=========================== logs ===========================\n'[39m +
        [32m'waiting for navigation until "load"\n'[39m +
        [32m'============================================================'[39m,
      stack: [32m'Error: page.waitForURL: Test timeout of 30000ms exceeded.\n'[39m +
        [32m'=========================== logs ===========================\n'[39m +
        [32m'waiting for navigation until "load"\n'[39m +
        [32m'============================================================\n'[39m +
        [32m'    at /Users/samireldirini/Desktop/Ebad_academy_website/tests/performance-comprehensive.spec.ts:266:24\n'[39m +
        [32m'    at /Users/samireldirini/Desktop/Ebad_academy_website/tests/performance-comprehensive.spec.ts:275:21'[39m,
      cause: [90mundefined[39m
    }
  }
}
Concurrent user 2 failed: page.waitForURL: Test timeout of 30000ms exceeded.
=========================== logs ===========================
waiting for navigation until "load"
============================================================
    at [90m/Users/samireldirini/Desktop/Ebad_academy_website/[39mtests/performance-comprehensive.spec.ts:266:24
    at [90m/Users/samireldirini/Desktop/Ebad_academy_website/[39mtests/performance-comprehensive.spec.ts:275:21 {
  [[32mSymbol(step)[39m]: {
    location: {
      file: [32m'/Users/samireldirini/Desktop/Ebad_academy_website/tests/performance-comprehensive.spec.ts'[39m,
      line: [33m266[39m,
      column: [33m24[39m
    },
    category: [32m'pw:api'[39m,
    title: [32m'Wait for navigation'[39m,
    apiName: [32m'page.waitForURL'[39m,
    params: { info: [36m[Object][39m },
    group: [90mundefined[39m,
    stepId: [32m'pw:api@61'[39m,
    boxedStack: [90mundefined[39m,
    steps: [],
    attachmentIndices: [],
    info: TestStepInfoImpl {
      annotations: [],
      _testInfo: [36m[TestInfoImpl][39m,
      _stepId: [32m'pw:api@61'[39m,
      _title: [32m'Wait for navigation'[39m,
      _parentStep: [90mundefined[39m,
      skip: [36m[Function (anonymous)][39m
    },
    complete: [36m[Function: complete][39m,
    endWallTime: [33m1763909793533[39m,
    error: {
      message: [32m'Error: page.waitForURL: Test timeout of 30000ms exceeded.\n'[39m +
        [32m'=========================== logs ===========================\n'[39m +
        [32m'waiting for navigation until "load"\n'[39m +
        [32m'============================================================'[39m,
      stack: [32m'Error: page.waitForURL: Test timeout of 30000ms exceeded.\n'[39m +
        [32m'=========================== logs ===========================\n'[39m +
        [32m'waiting for navigation until "load"\n'[39m +
        [32m'============================================================\n'[39m +
        [32m'    at /Users/samireldirini/Desktop/Ebad_academy_website/tests/performance-comprehensive.spec.ts:266:24\n'[39m +
        [32m'    at /Users/samireldirini/Desktop/Ebad_academy_website/tests/performance-comprehensive.spec.ts:275:21'[39m,
      cause: [90mundefined[39m
    }
  }
}
Concurrent user 1 failed: page.waitForURL: Test timeout of 30000ms exceeded.
=========================== logs ===========================
waiting for navigation until "load"
============================================================
    at [90m/Users/samireldirini/Desktop/Ebad_academy_website/[39mtests/performance-comprehensive.spec.ts:266:24
    at [90m/Users/samireldirini/Desktop/Ebad_academy_website/[39mtests/performance-comprehensive.spec.ts:275:21 {
  [[32mSymbol(step)[39m]: {
    location: {
      file: [32m'/Users/samireldirini/Desktop/Ebad_academy_website/tests/performance-comprehensive.spec.ts'[39m,
      line: [33m266[39m,
      column: [33m24[39m
    },
    category: [32m'pw:api'[39m,
    title: [32m'Wait for navigation'[39m,
    apiName: [32m'page.waitForURL'[39m,
    params: { info: [36m[Object][39m },
    group: [90mundefined[39m,
    stepId: [32m'pw:api@59'[39m,
    boxedStack: [90mundefined[39m,
    steps: [],
    attachmentIndices: [],
    info: TestStepInfoImpl {
      annotations: [],
      _testInfo: [36m[TestInfoImpl][39m,
      _stepId: [32m'pw:api@59'[39m,
      _title: [32m'Wait for navigation'[39m,
      _parentStep: [90mundefined[39m,
      skip: [36m[Function (anonymous)][39m
    },
    complete: [36m[Function: complete][39m,
    endWallTime: [33m1763909793533[39m,
    error: {
      message: [32m'Error: page.waitForURL: Test timeout of 30000ms exceeded.\n'[39m +
        [32m'=========================== logs ===========================\n'[39m +
        [32m'waiting for navigation until "load"\n'[39m +
        [32m'============================================================'[39m,
      stack: [32m'Error: page.waitForURL: Test timeout of 30000ms exceeded.\n'[39m +
        [32m'=========================== logs ===========================\n'[39m +
        [32m'waiting for navigation until "load"\n'[39m +
        [32m'============================================================\n'[39m +
        [32m'    at /Users/samireldirini/Desktop/Ebad_academy_website/tests/performance-comprehensive.spec.ts:266:24\n'[39m +
        [32m'    at /Users/samireldirini/Desktop/Ebad_academy_website/tests/performance-comprehensive.spec.ts:275:21'[39m,
      cause: [90mundefined[39m
    }
  }
}
Concurrent user 0 failed: page.waitForURL: Test timeout of 30000ms exceeded.
=========================== logs ===========================
waiting for navigation until "load"
============================================================
    at [90m/Users/samireldirini/Desktop/Ebad_academy_website/[39mtests/performance-comprehensive.spec.ts:266:24
    at [90m/Users/samireldirini/Desktop/Ebad_academy_website/[39mtests/performance-comprehensive.spec.ts:275:21 {
  [[32mSymbol(step)[39m]: {
    location: {
      file: [32m'/Users/samireldirini/Desktop/Ebad_academy_website/tests/performance-comprehensive.spec.ts'[39m,
      line: [33m266[39m,
      column: [33m24[39m
    },
    category: [32m'pw:api'[39m,
    title: [32m'Wait for navigation'[39m,
    apiName: [32m'page.waitForURL'[39m,
    params: { info: [36m[Object][39m },
    group: [90mundefined[39m,
    stepId: [32m'pw:api@58'[39m,
    boxedStack: [90mundefined[39m,
    steps: [],
    attachmentIndices: [],
    info: TestStepInfoImpl {
      annotations: [],
      _testInfo: [36m[TestInfoImpl][39m,
      _stepId: [32m'pw:api@58'[39m,
      _title: [32m'Wait for navigation'[39m,
      _parentStep: [90mundefined[39m,
      skip: [36m[Function (anonymous)][39m
    },
    complete: [36m[Function: complete][39m,
    endWallTime: [33m1763909793533[39m,
    error: {
      message: [32m'Error: page.waitForURL: Test timeout of 30000ms exceeded.\n'[39m +
        [32m'=========================== logs ===========================\n'[39m +
        [32m'waiting for navigation until "load"\n'[39m +
        [32m'============================================================'[39m,
      stack: [32m'Error: page.waitForURL: Test timeout of 30000ms exceeded.\n'[39m +
        [32m'=========================== logs ===========================\n'[39m +
        [32m'waiting for navigation until "load"\n'[39m +
        [32m'============================================================\n'[39m +
        [32m'    at /Users/samireldirini/Desktop/Ebad_academy_website/tests/performance-comprehensive.spec.ts:266:24\n'[39m +
        [32m'    at /Users/samireldirini/Desktop/Ebad_academy_website/tests/performance-comprehensive.spec.ts:275:21'[39m,
      cause: [90mundefined[39m
    }
  }
}
Concurrent users: 0/5 successful
  ✘   77 [chromium] › tests/performance-comprehensive.spec.ts:239:7 › NETWORK PERFORMANCE › Concurrent user simulation (30.9s)
  ✘   78 [chromium] › tests/performance-comprehensive.spec.ts:297:7 › RESOURCE PERFORMANCE › PDF loading performance (30.5s)
✓ Landing Page: 1059ms (target: <2000ms)
[dotenv@17.2.3] injecting env (0) from .env.test -- tip: 👥 sync secrets across teammates & machines: https://dotenvx.com/ops
[dotenv@17.2.3] injecting env (0) from .env.test -- tip: 📡 add observability to secrets: https://dotenvx.com/ops
  ✘   83 [chromium] › tests/performance-comprehensive.spec.ts:427:7 › MOBILE PERFORMANCE › Touch interactions performance (30.4s)
[dotenv@17.2.3] injecting env (0) from .env.test -- tip: 🔐 prevent building .env in docker: https://dotenvx.com/prebuild
  ✘   84 [chromium] › tests/performance-comprehensive.spec.ts:451:7 › MEMORY AND RESOURCE USAGE › Memory usage during long sessions (30.5s)
  ✘   85 [chromium] › tests/performance-comprehensive.spec.ts:486:7 › MEMORY AND RESOURCE USAGE › No memory leaks in quiz interface (30.5s)
[dotenv@17.2.3] injecting env (0) from .env.test -- tip: 👥 sync secrets across teammates & machines: https://dotenvx.com/ops
[dotenv@17.2.3] injecting env (0) from .env.test -- tip: ⚙️  write to custom object with { processEnv: myObject }
  ✘   87 [chromium] › tests/performance-comprehensive.spec.ts:547:7 › PERFORMANCE REGRESSION › Performance with large datasets (30.5s)
[dotenv@17.2.3] injecting env (0) from .env.test -- tip: 📡 add observability to secrets: https://dotenvx.com/ops
===========================

  ✘   88 [chromium] › tests/performance-comprehensive.spec.ts:567:5 › Performance Summary Report (30.5s)
[dotenv@17.2.3] injecting env (0) from .env.test -- tip: 🔐 prevent committing .env to code: https://dotenvx.com/precommit
  ✘   89 [chromium] › tests/quiz-comprehensive.spec.ts:168:7 › QUIZ AUTO-GRADING SYSTEM - Core Business Logic › Perfect score (10/10) = 100% and PASS (30.5s)
  ✘   90 [chromium] › tests/quiz-comprehensive.spec.ts:217:7 › QUIZ AUTO-GRADING SYSTEM - Core Business Logic › Exact passing score (6/10) = 60% and PASS (30.5s)
[dotenv@17.2.3] injecting env (0) from .env.test -- tip: ⚙️  enable debug logging with { debug: true }
[dotenv@17.2.3] injecting env (0) from .env.test -- tip: ⚙️  enable debug logging with { debug: true }
  ✘   91 [chromium] › tests/quiz-comprehensive.spec.ts:262:7 › QUIZ AUTO-GRADING SYSTEM - Core Business Logic › Below passing score (5/10) = 50% and FAIL (30.5s)
[dotenv@17.2.3] injecting env (0) from .env.test -- tip: ✅ audit secrets and track compliance: https://dotenvx.com/ops
  ✘   92 [chromium] › tests/quiz-comprehensive.spec.ts:306:7 › QUIZ AUTO-GRADING SYSTEM - Core Business Logic › All wrong answers (0/10) = 0% and FAIL (30.5s)
  ✘   93 [chromium] › tests/quiz-comprehensive.spec.ts:352:7 › QUIZ AUTO-GRADING SYSTEM - Core Business Logic › Edge case: 59% should FAIL (5.9/10 rounds to 59%) (30.5s)
[dotenv@17.2.3] injecting env (0) from .env.test -- tip: 🔄 add secrets lifecycle management: https://dotenvx.com/ops
[dotenv@17.2.3] injecting env (0) from .env.test -- tip: 🔐 encrypt with Dotenvx: https://dotenvx.com
SQL injection test with payload "admin'; DROP TABLE u...": PROTECTED
SQL injection test with payload "' OR '1'='1...": PROTECTED
SQL injection test with payload "' UNION SELECT * FRO...": PROTECTED
  ✓  100 [chromium] › tests/security-comprehensive.spec.ts:125:7 › SQL INJECTION PREVENTION › Registration form rejects SQL injection attempts (7.2s)
  ✘   94 [chromium] › tests/quiz-comprehensive.spec.ts:406:7 › QUIZ AUTO-GRADING SYSTEM - Core Business Logic › Failed quiz allows retake and tracks best score (30.5s)
[dotenv@17.2.3] injecting env (0) from .env.test -- tip: ⚙️  override existing env vars with { override: true }
  ✘  102 [chromium] › tests/security-comprehensive.spec.ts:201:7 › SQL INJECTION PREVENTION › API endpoints reject malicious SQL payloads (121ms)
[dotenv@17.2.3] injecting env (0) from .env.test -- tip: 🔐 prevent committing .env to code: https://dotenvx.com/precommit
Login SQL injection test: PROTECTED
  ✓  103 [chromium] › tests/security-comprehensive.spec.ts:228:7 › SQL INJECTION PREVENTION › User profile update rejects SQL injection (2.6s)
Login SQL injection test: PROTECTED
  ✘  104 [chromium] › tests/security-comprehensive.spec.ts:257:7 › XSS (Cross-Site Scripting) PREVENTION › Registration form sanitizes XSS attempts (1.6s)
[dotenv@17.2.3] injecting env (0) from .env.test -- tip: ⚙️  enable debug logging with { debug: true }
Login SQL injection test: PROTECTED
  ✓  105 [chromium] › tests/security-comprehensive.spec.ts:295:7 › XSS (Cross-Site Scripting) PREVENTION › User-generated content is sanitized (2.6s)
Login SQL injection test: PROTECTED
  ✓  101 [chromium] › tests/security-comprehensive.spec.ts:167:7 › SQL INJECTION PREVENTION › Login form prevents SQL injection authentication bypass (8.9s)
URL XSS test: PROTECTED
  ✓  106 [chromium] › tests/security-comprehensive.spec.ts:334:7 › XSS (Cross-Site Scripting) PREVENTION › URL parameters are sanitized (1.4s)
  ✓  107 [chromium] › tests/security-comprehensive.spec.ts:355:7 › AUTHORIZATION & ACCESS CONTROL › Students cannot access admin endpoints (2.5s)
  ✓  108 [chromium] › tests/security-comprehensive.spec.ts:398:7 › AUTHORIZATION & ACCESS CONTROL › Users cannot access other users' data (2.5s)
Protected access test for /en/dashboard: PROTECTED
Protected access test for /en/lesson/1: PROTECTED
  ✓  110 [chromium] › tests/security-comprehensive.spec.ts:467:7 › AUTHORIZATION & ACCESS CONTROL › Session management is secure (2.5s)
Protected access test for /en/quiz/1: PROTECTED
Protected access test for /en/profile: PROTECTED
Protected access test for /api/dashboard/stats: CHECK NEEDED
  ✘   95 [chromium] › tests/quiz-comprehensive.spec.ts:479:7 › QUIZ AUTO-GRADING SYSTEM - Core Business Logic › Score calculation is mathematically correct (30.5s)
[dotenv@17.2.3] injecting env (0) from .env.test -- tip: 🔑 add access controls to secrets: https://dotenvx.com/ops
  ✘  109 [chromium] › tests/security-comprehensive.spec.ts:428:7 › AUTHORIZATION & ACCESS CONTROL › Unauthenticated users cannot access protected content (7.0s)
API rate limiting: 0/10 requests blocked
  ✓  112 [chromium] › tests/security-comprehensive.spec.ts:556:7 › RATE LIMITING & DOS PROTECTION › API rate limiting works (115ms)
[dotenv@17.2.3] injecting env (0) from .env.test -- tip: 🔄 add secrets lifecycle management: https://dotenvx.com/ops
CSRF token found: [33mfalse[39m
  ✓  114 [chromium] › tests/security-comprehensive.spec.ts:580:7 › CSRF PROTECTION › Forms include CSRF protection (669ms)
  ✘   96 [chromium] › tests/quiz-comprehensive.spec.ts:528:7 › QUIZ SUBMISSION VALIDATION › Cannot submit quiz with unanswered questions (30.5s)
  ✘   97 [chromium] › tests/quiz-comprehensive.spec.ts:570:7 › QUIZ SUBMISSION VALIDATION › Quiz timer functionality (if implemented) (30.5s)
[dotenv@17.2.3] injecting env (0) from .env.test -- tip: 🔐 prevent building .env in docker: https://dotenvx.com/prebuild
[dotenv@17.2.3] injecting env (0) from .env.test -- tip: ⚙️  write to custom object with { processEnv: myObject }
Client-side security scan: No sensitive data found
  ✓  117 [chromium] › tests/security-comprehensive.spec.ts:687:7 › CONTENT SECURITY › No sensitive data in client-side code (764ms)
  ✓  116 [chromium] › tests/security-comprehensive.spec.ts:664:7 › CONTENT SECURITY › Islamic content cannot be tampered with (1.2s)
  ✓  113 [chromium] › tests/security-comprehensive.spec.ts:604:7 › INPUT VALIDATION › File upload security (2.6s)
  ✘  111 [chromium] › tests/security-comprehensive.spec.ts:505:7 › RATE LIMITING & DOS PROTECTION › Login rate limiting prevents brute force (6.8s)
  ✘   98 [chromium] › tests/quiz-comprehensive.spec.ts:601:7 › QUIZ RESULTS AND FEEDBACK › Results page shows detailed feedback (30.5s)
  ✘   99 [chromium] › tests/quiz-comprehensive.spec.ts:642:7 › QUIZ RESULTS AND FEEDBACK › Correct and incorrect answers are highlighted (30.5s)
  ✓  115 [chromium] › tests/security-comprehensive.spec.ts:630:7 › INPUT VALIDATION › Email validation prevents malicious patterns (6.6s)


  1) [chromium] › tests/admin.spec.ts:126:7 › Admin Panel Features › should display quiz management 

    [31mTest timeout of 30000ms exceeded while running "beforeEach" hook.[39m

      19 |
      20 | test.describe("Admin Panel Features", () => {
    > 21 |   test.beforeEach(async ({ page }) => {
         |        ^
      22 |     await loginAsAdmin(page);
      23 |   });
      24 |
        at /Users/samireldirini/Desktop/Ebad_academy_website/tests/admin.spec.ts:21:8

    Error: page.waitForURL: Test timeout of 30000ms exceeded.
    =========================== logs ===========================
    waiting for navigation until "load"
    ============================================================

      13 |   await page.getByRole("button", { name: /login|sign in/i }).click();
      14 |   // Wait for dashboard URL - removed networkidle requirement as it's too strict
    > 15 |   await page.waitForURL(/dashboard/, { timeout: 60000 });
         |              ^
      16 |   // Wait for DOM to be ready instead of networkidle
      17 |   await page.waitForLoadState("domcontentloaded", { timeout: 60000 });
      18 | }
        at loginAsAdmin (/Users/samireldirini/Desktop/Ebad_academy_website/tests/admin.spec.ts:15:14)
        at /Users/samireldirini/Desktop/Ebad_academy_website/tests/admin.spec.ts:22:5

    attachment #1: screenshot (image/png) ──────────────────────────────────────────────────────────
    test-results/admin-Admin-Panel-Features-should-display-quiz-management-chromium/test-failed-1.png
    ────────────────────────────────────────────────────────────────────────────────────────────────

    attachment #2: video (video/webm) ──────────────────────────────────────────────────────────────
    test-results/admin-Admin-Panel-Features-should-display-quiz-management-chromium/video.webm
    ────────────────────────────────────────────────────────────────────────────────────────────────

    Error Context: test-results/admin-Admin-Panel-Features-should-display-quiz-management-chromium/error-context.md

  2) [chromium] › tests/admin.spec.ts:145:7 › Admin Panel Features › should show analytics and statistics 

    [31mTest timeout of 30000ms exceeded while running "beforeEach" hook.[39m

      19 |
      20 | test.describe("Admin Panel Features", () => {
    > 21 |   test.beforeEach(async ({ page }) => {
         |        ^
      22 |     await loginAsAdmin(page);
      23 |   });
      24 |
        at /Users/samireldirini/Desktop/Ebad_academy_website/tests/admin.spec.ts:21:8

    Error: page.waitForURL: Test timeout of 30000ms exceeded.
    =========================== logs ===========================
    waiting for navigation until "load"
    ============================================================

      13 |   await page.getByRole("button", { name: /login|sign in/i }).click();
      14 |   // Wait for dashboard URL - removed networkidle requirement as it's too strict
    > 15 |   await page.waitForURL(/dashboard/, { timeout: 60000 });
         |              ^
      16 |   // Wait for DOM to be ready instead of networkidle
      17 |   await page.waitForLoadState("domcontentloaded", { timeout: 60000 });
      18 | }
        at loginAsAdmin (/Users/samireldirini/Desktop/Ebad_academy_website/tests/admin.spec.ts:15:14)
        at /Users/samireldirini/Desktop/Ebad_academy_website/tests/admin.spec.ts:22:5

    attachment #1: screenshot (image/png) ──────────────────────────────────────────────────────────
    test-results/admin-Admin-Panel-Features-51099-ow-analytics-and-statistics-chromium/test-failed-1.png
    ────────────────────────────────────────────────────────────────────────────────────────────────

    attachment #2: video (video/webm) ──────────────────────────────────────────────────────────────
    test-results/admin-Admin-Panel-Features-51099-ow-analytics-and-statistics-chromium/video.webm
    ────────────────────────────────────────────────────────────────────────────────────────────────

    Error Context: test-results/admin-Admin-Panel-Features-51099-ow-analytics-and-statistics-chromium/error-context.md

  3) [chromium] › tests/admin.spec.ts:162:7 › Admin Panel Features › should allow managing user roles 

    [31mTest timeout of 30000ms exceeded while running "beforeEach" hook.[39m

      19 |
      20 | test.describe("Admin Panel Features", () => {
    > 21 |   test.beforeEach(async ({ page }) => {
         |        ^
      22 |     await loginAsAdmin(page);
      23 |   });
      24 |
        at /Users/samireldirini/Desktop/Ebad_academy_website/tests/admin.spec.ts:21:8

    Error: page.waitForURL: Test timeout of 30000ms exceeded.
    =========================== logs ===========================
    waiting for navigation until "load"
    ============================================================

      13 |   await page.getByRole("button", { name: /login|sign in/i }).click();
      14 |   // Wait for dashboard URL - removed networkidle requirement as it's too strict
    > 15 |   await page.waitForURL(/dashboard/, { timeout: 60000 });
         |              ^
      16 |   // Wait for DOM to be ready instead of networkidle
      17 |   await page.waitForLoadState("domcontentloaded", { timeout: 60000 });
      18 | }
        at loginAsAdmin (/Users/samireldirini/Desktop/Ebad_academy_website/tests/admin.spec.ts:15:14)
        at /Users/samireldirini/Desktop/Ebad_academy_website/tests/admin.spec.ts:22:5

    attachment #1: screenshot (image/png) ──────────────────────────────────────────────────────────
    test-results/admin-Admin-Panel-Features-should-allow-managing-user-roles-chromium/test-failed-1.png
    ────────────────────────────────────────────────────────────────────────────────────────────────

    attachment #2: video (video/webm) ──────────────────────────────────────────────────────────────
    test-results/admin-Admin-Panel-Features-should-allow-managing-user-roles-chromium/video.webm
    ────────────────────────────────────────────────────────────────────────────────────────────────

    Error Context: test-results/admin-Admin-Panel-Features-should-allow-managing-user-roles-chromium/error-context.md

  4) [chromium] › tests/admin.spec.ts:177:7 › Admin Panel Features › should display level and branch management 

    [31mTest timeout of 30000ms exceeded while running "beforeEach" hook.[39m

      19 |
      20 | test.describe("Admin Panel Features", () => {
    > 21 |   test.beforeEach(async ({ page }) => {
         |        ^
      22 |     await loginAsAdmin(page);
      23 |   });
      24 |
        at /Users/samireldirini/Desktop/Ebad_academy_website/tests/admin.spec.ts:21:8

    Error: page.waitForURL: Test timeout of 30000ms exceeded.
    =========================== logs ===========================
    waiting for navigation until "load"
    ============================================================

      13 |   await page.getByRole("button", { name: /login|sign in/i }).click();
      14 |   // Wait for dashboard URL - removed networkidle requirement as it's too strict
    > 15 |   await page.waitForURL(/dashboard/, { timeout: 60000 });
         |              ^
      16 |   // Wait for DOM to be ready instead of networkidle
      17 |   await page.waitForLoadState("domcontentloaded", { timeout: 60000 });
      18 | }
        at loginAsAdmin (/Users/samireldirini/Desktop/Ebad_academy_website/tests/admin.spec.ts:15:14)
        at /Users/samireldirini/Desktop/Ebad_academy_website/tests/admin.spec.ts:22:5

    attachment #1: screenshot (image/png) ──────────────────────────────────────────────────────────
    test-results/admin-Admin-Panel-Features-07c1d-level-and-branch-management-chromium/test-failed-1.png
    ────────────────────────────────────────────────────────────────────────────────────────────────

    attachment #2: video (video/webm) ──────────────────────────────────────────────────────────────
    test-results/admin-Admin-Panel-Features-07c1d-level-and-branch-management-chromium/video.webm
    ────────────────────────────────────────────────────────────────────────────────────────────────

    Error Context: test-results/admin-Admin-Panel-Features-07c1d-level-and-branch-management-chromium/error-context.md

  5) [chromium] › tests/admin.spec.ts:196:7 › Admin Panel Features › should have proper admin-only access control 

    [31mTest timeout of 30000ms exceeded while running "beforeEach" hook.[39m

      19 |
      20 | test.describe("Admin Panel Features", () => {
    > 21 |   test.beforeEach(async ({ page }) => {
         |        ^
      22 |     await loginAsAdmin(page);
      23 |   });
      24 |
        at /Users/samireldirini/Desktop/Ebad_academy_website/tests/admin.spec.ts:21:8

    Error: page.waitForURL: Test timeout of 30000ms exceeded.
    =========================== logs ===========================
    waiting for navigation until "load"
    ============================================================

      13 |   await page.getByRole("button", { name: /login|sign in/i }).click();
      14 |   // Wait for dashboard URL - removed networkidle requirement as it's too strict
    > 15 |   await page.waitForURL(/dashboard/, { timeout: 60000 });
         |              ^
      16 |   // Wait for DOM to be ready instead of networkidle
      17 |   await page.waitForLoadState("domcontentloaded", { timeout: 60000 });
      18 | }
        at loginAsAdmin (/Users/samireldirini/Desktop/Ebad_academy_website/tests/admin.spec.ts:15:14)
        at /Users/samireldirini/Desktop/Ebad_academy_website/tests/admin.spec.ts:22:5

    attachment #1: screenshot (image/png) ──────────────────────────────────────────────────────────
    test-results/admin-Admin-Panel-Features-daee4-r-admin-only-access-control-chromium/test-failed-1.png
    ────────────────────────────────────────────────────────────────────────────────────────────────

    attachment #2: video (video/webm) ──────────────────────────────────────────────────────────────
    test-results/admin-Admin-Panel-Features-daee4-r-admin-only-access-control-chromium/video.webm
    ────────────────────────────────────────────────────────────────────────────────────────────────

    Error Context: test-results/admin-Admin-Panel-Features-daee4-r-admin-only-access-control-chromium/error-context.md

  6) [chromium] › tests/auth.spec.ts:40:7 › Authentication Flow › should register a new user successfully 

    [31mTest timeout of 30000ms exceeded.[39m

    Error: locator.fill: Test timeout of 30000ms exceeded.
    Call log:
    [2m  - waiting for locator('input[name="phoneNumber"]')[22m


      51 |     // Fill phone number
      52 |     const phoneInput = page.locator('input[name="phoneNumber"]');
    > 53 |     await phoneInput.fill(phoneNumber);
         |                      ^
      54 |
      55 |     await page.locator("#password").fill("TestPassword123!");
      56 |     await page.locator("#confirmPassword").fill("TestPassword123!");
        at /Users/samireldirini/Desktop/Ebad_academy_website/tests/auth.spec.ts:53:22

    attachment #1: screenshot (image/png) ──────────────────────────────────────────────────────────
    test-results/auth-Authentication-Flow-s-53dd2-ter-a-new-user-successfully-chromium/test-failed-1.png
    ────────────────────────────────────────────────────────────────────────────────────────────────

    attachment #2: video (video/webm) ──────────────────────────────────────────────────────────────
    test-results/auth-Authentication-Flow-s-53dd2-ter-a-new-user-successfully-chromium/video.webm
    ────────────────────────────────────────────────────────────────────────────────────────────────

    Error Context: test-results/auth-Authentication-Flow-s-53dd2-ter-a-new-user-successfully-chromium/error-context.md

  7) [chromium] › tests/critical-priority.spec.ts:107:7 › CRITICAL PRIORITY - Must Pass Tests › 1. ✅ User can register and login 

    [31mTest timeout of 30000ms exceeded.[39m

    Error: locator.fill: Test timeout of 30000ms exceeded.
    Call log:
    [2m  - waiting for locator('input[name="phoneNumber"]')[22m


      30 |   await page.getByLabel(/name|الاسم/i).fill(user.name);
      31 |   await page.getByLabel(/email|البريد/i).fill(uniqueEmail);
    > 32 |   await page.locator('input[name="phoneNumber"]').fill("+201001234567");
         |                                                   ^
      33 |   await page.locator("#password").fill(user.password);
      34 |   await page.locator("#confirmPassword").fill(user.password);
      35 |   await page
        at registerNewUser (/Users/samireldirini/Desktop/Ebad_academy_website/tests/critical-priority.spec.ts:32:51)
        at /Users/samireldirini/Desktop/Ebad_academy_website/tests/critical-priority.spec.ts:109:19

    attachment #1: screenshot (image/png) ──────────────────────────────────────────────────────────
    test-results/critical-priority-CRITICAL-8e976-User-can-register-and-login-chromium/test-failed-1.png
    ────────────────────────────────────────────────────────────────────────────────────────────────

    attachment #2: video (video/webm) ──────────────────────────────────────────────────────────────
    test-results/critical-priority-CRITICAL-8e976-User-can-register-and-login-chromium/video.webm
    ────────────────────────────────────────────────────────────────────────────────────────────────

    Error Context: test-results/critical-priority-CRITICAL-8e976-User-can-register-and-login-chromium/error-context.md

  8) [chromium] › tests/critical-priority.spec.ts:131:7 › CRITICAL PRIORITY - Must Pass Tests › 2. ✅ Quiz auto-grading calculates scores correctly 

    [31mTest timeout of 30000ms exceeded.[39m

    Error: page.waitForURL: Test timeout of 30000ms exceeded.
    =========================== logs ===========================
    waiting for navigation until "load"
    ============================================================

      55 |   await page.getByRole("button", { name: /login|sign in/i }).click();
      56 |   // Wait for dashboard URL - removed networkidle requirement as it's too strict
    > 57 |   await page.waitForURL(/dashboard/, { timeout: 60000 });
         |              ^
      58 |   // Wait for DOM to be ready instead of networkidle
      59 |   await page.waitForLoadState("domcontentloaded", { timeout: 60000 });
      60 | }
        at loginUser (/Users/samireldirini/Desktop/Ebad_academy_website/tests/critical-priority.spec.ts:57:14)
        at /Users/samireldirini/Desktop/Ebad_academy_website/tests/critical-priority.spec.ts:134:5

    attachment #1: screenshot (image/png) ──────────────────────────────────────────────────────────
    test-results/critical-priority-CRITICAL-9a6f9-calculates-scores-correctly-chromium/test-failed-1.png
    ────────────────────────────────────────────────────────────────────────────────────────────────

    attachment #2: video (video/webm) ──────────────────────────────────────────────────────────────
    test-results/critical-priority-CRITICAL-9a6f9-calculates-scores-correctly-chromium/video.webm
    ────────────────────────────────────────────────────────────────────────────────────────────────

    Error Context: test-results/critical-priority-CRITICAL-9a6f9-calculates-scores-correctly-chromium/error-context.md

  9) [chromium] › tests/critical-priority.spec.ts:166:7 › CRITICAL PRIORITY - Must Pass Tests › 3. ✅ Passing quiz (≥60%) marks lesson as completed 

    [31mTest timeout of 30000ms exceeded.[39m

    Error: page.waitForURL: Test timeout of 30000ms exceeded.
    =========================== logs ===========================
    waiting for navigation until "load"
    ============================================================

      55 |   await page.getByRole("button", { name: /login|sign in/i }).click();
      56 |   // Wait for dashboard URL - removed networkidle requirement as it's too strict
    > 57 |   await page.waitForURL(/dashboard/, { timeout: 60000 });
         |              ^
      58 |   // Wait for DOM to be ready instead of networkidle
      59 |   await page.waitForLoadState("domcontentloaded", { timeout: 60000 });
      60 | }
        at loginUser (/Users/samireldirini/Desktop/Ebad_academy_website/tests/critical-priority.spec.ts:57:14)
        at /Users/samireldirini/Desktop/Ebad_academy_website/tests/critical-priority.spec.ts:169:5

    attachment #1: screenshot (image/png) ──────────────────────────────────────────────────────────
    test-results/critical-priority-CRITICAL-3e23e-0-marks-lesson-as-completed-chromium/test-failed-1.png
    ────────────────────────────────────────────────────────────────────────────────────────────────

    attachment #2: video (video/webm) ──────────────────────────────────────────────────────────────
    test-results/critical-priority-CRITICAL-3e23e-0-marks-lesson-as-completed-chromium/video.webm
    ────────────────────────────────────────────────────────────────────────────────────────────────

    Error Context: test-results/critical-priority-CRITICAL-3e23e-0-marks-lesson-as-completed-chromium/error-context.md

  10) [chromium] › tests/critical-priority.spec.ts:203:7 › CRITICAL PRIORITY - Must Pass Tests › 4. ✅ Failing quiz (<60%) does NOT mark as completed 

    [31mTest timeout of 30000ms exceeded.[39m

    Error: page.waitForURL: Test timeout of 30000ms exceeded.
    =========================== logs ===========================
    waiting for navigation until "load"
    ============================================================

      55 |   await page.getByRole("button", { name: /login|sign in/i }).click();
      56 |   // Wait for dashboard URL - removed networkidle requirement as it's too strict
    > 57 |   await page.waitForURL(/dashboard/, { timeout: 60000 });
         |              ^
      58 |   // Wait for DOM to be ready instead of networkidle
      59 |   await page.waitForLoadState("domcontentloaded", { timeout: 60000 });
      60 | }
        at loginUser (/Users/samireldirini/Desktop/Ebad_academy_website/tests/critical-priority.spec.ts:57:14)
        at /Users/samireldirini/Desktop/Ebad_academy_website/tests/critical-priority.spec.ts:206:5

    attachment #1: screenshot (image/png) ──────────────────────────────────────────────────────────
    test-results/critical-priority-CRITICAL-a3c64--does-NOT-mark-as-completed-chromium/test-failed-1.png
    ────────────────────────────────────────────────────────────────────────────────────────────────

    attachment #2: video (video/webm) ──────────────────────────────────────────────────────────────
    test-results/critical-priority-CRITICAL-a3c64--does-NOT-mark-as-completed-chromium/video.webm
    ────────────────────────────────────────────────────────────────────────────────────────────────

    Error Context: test-results/critical-priority-CRITICAL-a3c64--does-NOT-mark-as-completed-chromium/error-context.md

  11) [chromium] › tests/critical-priority.spec.ts:242:7 › CRITICAL PRIORITY - Must Pass Tests › 5. ✅ Level 2 unlocks ONLY when ALL Level 1 lessons completed with ≥60% 

    [31mTest timeout of 30000ms exceeded.[39m

    Error: page.waitForURL: Test timeout of 30000ms exceeded.
    =========================== logs ===========================
    waiting for navigation until "load"
    ============================================================

      55 |   await page.getByRole("button", { name: /login|sign in/i }).click();
      56 |   // Wait for dashboard URL - removed networkidle requirement as it's too strict
    > 57 |   await page.waitForURL(/dashboard/, { timeout: 60000 });
         |              ^
      58 |   // Wait for DOM to be ready instead of networkidle
      59 |   await page.waitForLoadState("domcontentloaded", { timeout: 60000 });
      60 | }
        at loginUser (/Users/samireldirini/Desktop/Ebad_academy_website/tests/critical-priority.spec.ts:57:14)
        at /Users/samireldirini/Desktop/Ebad_academy_website/tests/critical-priority.spec.ts:251:5

    attachment #1: screenshot (image/png) ──────────────────────────────────────────────────────────
    test-results/critical-priority-CRITICAL-4d2b2-lessons-completed-with-≥60--chromium/test-failed-1.png
    ────────────────────────────────────────────────────────────────────────────────────────────────

    attachment #2: video (video/webm) ──────────────────────────────────────────────────────────────
    test-results/critical-priority-CRITICAL-4d2b2-lessons-completed-with-≥60--chromium/video.webm
    ────────────────────────────────────────────────────────────────────────────────────────────────

    Error Context: test-results/critical-priority-CRITICAL-4d2b2-lessons-completed-with-≥60--chromium/error-context.md

  12) [chromium] › tests/critical-priority.spec.ts:269:7 › CRITICAL PRIORITY - Must Pass Tests › 6. ✅ Progress persists across sessions 

    [31mTest timeout of 30000ms exceeded.[39m

    Error: locator.fill: Test timeout of 30000ms exceeded.
    Call log:
    [2m  - waiting for locator('input[name="phoneNumber"]')[22m


      30 |   await page.getByLabel(/name|الاسم/i).fill(user.name);
      31 |   await page.getByLabel(/email|البريد/i).fill(uniqueEmail);
    > 32 |   await page.locator('input[name="phoneNumber"]').fill("+201001234567");
         |                                                   ^
      33 |   await page.locator("#password").fill(user.password);
      34 |   await page.locator("#confirmPassword").fill(user.password);
      35 |   await page
        at registerNewUser (/Users/samireldirini/Desktop/Ebad_academy_website/tests/critical-priority.spec.ts:32:51)
        at /Users/samireldirini/Desktop/Ebad_academy_website/tests/critical-priority.spec.ts:270:19

    attachment #1: screenshot (image/png) ──────────────────────────────────────────────────────────
    test-results/critical-priority-CRITICAL-f29fe-ss-persists-across-sessions-chromium/test-failed-1.png
    ────────────────────────────────────────────────────────────────────────────────────────────────

    attachment #2: video (video/webm) ──────────────────────────────────────────────────────────────
    test-results/critical-priority-CRITICAL-f29fe-ss-persists-across-sessions-chromium/video.webm
    ────────────────────────────────────────────────────────────────────────────────────────────────

    Error Context: test-results/critical-priority-CRITICAL-f29fe-ss-persists-across-sessions-chromium/error-context.md

  13) [chromium] › tests/critical-priority.spec.ts:300:7 › CRITICAL PRIORITY - Must Pass Tests › 7. ✅ PDF downloads work 

    [31mTest timeout of 30000ms exceeded.[39m

    Error: page.waitForURL: Test timeout of 30000ms exceeded.
    =========================== logs ===========================
    waiting for navigation until "load"
    ============================================================

      55 |   await page.getByRole("button", { name: /login|sign in/i }).click();
      56 |   // Wait for dashboard URL - removed networkidle requirement as it's too strict
    > 57 |   await page.waitForURL(/dashboard/, { timeout: 60000 });
         |              ^
      58 |   // Wait for DOM to be ready instead of networkidle
      59 |   await page.waitForLoadState("domcontentloaded", { timeout: 60000 });
      60 | }
        at loginUser (/Users/samireldirini/Desktop/Ebad_academy_website/tests/critical-priority.spec.ts:57:14)
        at /Users/samireldirini/Desktop/Ebad_academy_website/tests/critical-priority.spec.ts:301:5

    attachment #1: screenshot (image/png) ──────────────────────────────────────────────────────────
    test-results/critical-priority-CRITICAL-f4c44-ests-7-✅-PDF-downloads-work-chromium/test-failed-1.png
    ────────────────────────────────────────────────────────────────────────────────────────────────

    attachment #2: video (video/webm) ──────────────────────────────────────────────────────────────
    test-results/critical-priority-CRITICAL-f4c44-ests-7-✅-PDF-downloads-work-chromium/video.webm
    ────────────────────────────────────────────────────────────────────────────────────────────────

    Error Context: test-results/critical-priority-CRITICAL-f4c44-ests-7-✅-PDF-downloads-work-chromium/error-context.md

  14) [chromium] › tests/critical-priority.spec.ts:376:7 › CRITICAL PRIORITY - Must Pass Tests › 9. ✅ Mobile responsive (iPhone/Android) 

    Error: [2mexpect([22m[31mreceived[39m[2m).[22mtoBeLessThanOrEqual[2m([22m[32mexpected[39m[2m)[22m

    Expected: <= [32m400[39m
    Received:    [31m511[39m

      388 |       () => document.documentElement.clientWidth
      389 |     );
    > 390 |     expect(scrollWidth).toBeLessThanOrEqual(clientWidth + 10); // Allow 10px tolerance
          |                         ^
      391 |
      392 |     // Test navigation elements are accessible
      393 |     const nav = page.locator('nav, [role="navigation"]').first();
        at /Users/samireldirini/Desktop/Ebad_academy_website/tests/critical-priority.spec.ts:390:25

    attachment #1: screenshot (image/png) ──────────────────────────────────────────────────────────
    test-results/critical-priority-CRITICAL-8531f--responsive-iPhone-Android--chromium/test-failed-1.png
    ────────────────────────────────────────────────────────────────────────────────────────────────

    attachment #2: video (video/webm) ──────────────────────────────────────────────────────────────
    test-results/critical-priority-CRITICAL-8531f--responsive-iPhone-Android--chromium/video.webm
    ────────────────────────────────────────────────────────────────────────────────────────────────

    Error Context: test-results/critical-priority-CRITICAL-8531f--responsive-iPhone-Android--chromium/error-context.md

  15) [chromium] › tests/critical-priority.spec.ts:424:7 › CRITICAL PRIORITY - Must Pass Tests › 10. ✅ Registration automatically unlocks Level 1 

    [31mTest timeout of 30000ms exceeded.[39m

    Error: locator.fill: Test timeout of 30000ms exceeded.
    Call log:
    [2m  - waiting for locator('input[name="phoneNumber"]')[22m


      30 |   await page.getByLabel(/name|الاسم/i).fill(user.name);
      31 |   await page.getByLabel(/email|البريد/i).fill(uniqueEmail);
    > 32 |   await page.locator('input[name="phoneNumber"]').fill("+201001234567");
         |                                                   ^
      33 |   await page.locator("#password").fill(user.password);
      34 |   await page.locator("#confirmPassword").fill(user.password);
      35 |   await page
        at registerNewUser (/Users/samireldirini/Desktop/Ebad_academy_website/tests/critical-priority.spec.ts:32:51)
        at /Users/samireldirini/Desktop/Ebad_academy_website/tests/critical-priority.spec.ts:427:19

    attachment #1: screenshot (image/png) ──────────────────────────────────────────────────────────
    test-results/critical-priority-CRITICAL-9f75e-tomatically-unlocks-Level-1-chromium/test-failed-1.png
    ────────────────────────────────────────────────────────────────────────────────────────────────

    attachment #2: video (video/webm) ──────────────────────────────────────────────────────────────
    test-results/critical-priority-CRITICAL-9f75e-tomatically-unlocks-Level-1-chromium/video.webm
    ────────────────────────────────────────────────────────────────────────────────────────────────

    Error Context: test-results/critical-priority-CRITICAL-9f75e-tomatically-unlocks-Level-1-chromium/error-context.md

  16) [chromium] › tests/critical-priority.spec.ts:453:7 › CRITICAL BUSINESS LOGIC - Quiz Grading System › Quiz scoring edge cases 

    [31mTest timeout of 30000ms exceeded.[39m

    Error: page.waitForURL: Test timeout of 30000ms exceeded.
    =========================== logs ===========================
    waiting for navigation until "load"
    ============================================================

      55 |   await page.getByRole("button", { name: /login|sign in/i }).click();
      56 |   // Wait for dashboard URL - removed networkidle requirement as it's too strict
    > 57 |   await page.waitForURL(/dashboard/, { timeout: 60000 });
         |              ^
      58 |   // Wait for DOM to be ready instead of networkidle
      59 |   await page.waitForLoadState("domcontentloaded", { timeout: 60000 });
      60 | }
        at loginUser (/Users/samireldirini/Desktop/Ebad_academy_website/tests/critical-priority.spec.ts:57:14)
        at /Users/samireldirini/Desktop/Ebad_academy_website/tests/critical-priority.spec.ts:454:5

    attachment #1: screenshot (image/png) ──────────────────────────────────────────────────────────
    test-results/critical-priority-CRITICAL-a8d72-tem-Quiz-scoring-edge-cases-chromium/test-failed-1.png
    ────────────────────────────────────────────────────────────────────────────────────────────────

    attachment #2: video (video/webm) ──────────────────────────────────────────────────────────────
    test-results/critical-priority-CRITICAL-a8d72-tem-Quiz-scoring-edge-cases-chromium/video.webm
    ────────────────────────────────────────────────────────────────────────────────────────────────

    Error Context: test-results/critical-priority-CRITICAL-a8d72-tem-Quiz-scoring-edge-cases-chromium/error-context.md

  17) [chromium] › tests/dashboard-progress.spec.ts:23:7 › Dashboard and Progress Tracking › should display user dashboard with progress overview 

    [31mTest timeout of 30000ms exceeded while running "beforeEach" hook.[39m

      17 |
      18 | test.describe("Dashboard and Progress Tracking", () => {
    > 19 |   test.beforeEach(async ({ page }) => {
         |        ^
      20 |     await login(page);
      21 |   });
      22 |
        at /Users/samireldirini/Desktop/Ebad_academy_website/tests/dashboard-progress.spec.ts:19:8

    Error: page.waitForURL: Test timeout of 30000ms exceeded.
    =========================== logs ===========================
    waiting for navigation until "load"
    ============================================================

      11 |   await page.getByRole("button", { name: /login|sign in/i }).click();
      12 |   // Wait for dashboard URL - removed networkidle requirement as it's too strict
    > 13 |   await page.waitForURL(/dashboard/, { timeout: 60000 });
         |              ^
      14 |   // Wait for DOM to be ready instead of networkidle
      15 |   await page.waitForLoadState("domcontentloaded", { timeout: 60000 });
      16 | }
        at login (/Users/samireldirini/Desktop/Ebad_academy_website/tests/dashboard-progress.spec.ts:13:14)
        at /Users/samireldirini/Desktop/Ebad_academy_website/tests/dashboard-progress.spec.ts:20:5

    attachment #1: screenshot (image/png) ──────────────────────────────────────────────────────────
    test-results/dashboard-progress-Dashboa-f3ed0-oard-with-progress-overview-chromium/test-failed-1.png
    ────────────────────────────────────────────────────────────────────────────────────────────────

    attachment #2: video (video/webm) ──────────────────────────────────────────────────────────────
    test-results/dashboard-progress-Dashboa-f3ed0-oard-with-progress-overview-chromium/video.webm
    ────────────────────────────────────────────────────────────────────────────────────────────────

    Error Context: test-results/dashboard-progress-Dashboa-f3ed0-oard-with-progress-overview-chromium/error-context.md

  18) [chromium] › tests/dashboard-progress.spec.ts:36:7 › Dashboard and Progress Tracking › should display current level information 

    [31mTest timeout of 30000ms exceeded while running "beforeEach" hook.[39m

      17 |
      18 | test.describe("Dashboard and Progress Tracking", () => {
    > 19 |   test.beforeEach(async ({ page }) => {
         |        ^
      20 |     await login(page);
      21 |   });
      22 |
        at /Users/samireldirini/Desktop/Ebad_academy_website/tests/dashboard-progress.spec.ts:19:8

    Error: page.waitForURL: Test timeout of 30000ms exceeded.
    =========================== logs ===========================
    waiting for navigation until "load"
    ============================================================

      11 |   await page.getByRole("button", { name: /login|sign in/i }).click();
      12 |   // Wait for dashboard URL - removed networkidle requirement as it's too strict
    > 13 |   await page.waitForURL(/dashboard/, { timeout: 60000 });
         |              ^
      14 |   // Wait for DOM to be ready instead of networkidle
      15 |   await page.waitForLoadState("domcontentloaded", { timeout: 60000 });
      16 | }
        at login (/Users/samireldirini/Desktop/Ebad_academy_website/tests/dashboard-progress.spec.ts:13:14)
        at /Users/samireldirini/Desktop/Ebad_academy_website/tests/dashboard-progress.spec.ts:20:5

    attachment #1: screenshot (image/png) ──────────────────────────────────────────────────────────
    test-results/dashboard-progress-Dashboa-e1cbc-y-current-level-information-chromium/test-failed-1.png
    ────────────────────────────────────────────────────────────────────────────────────────────────

    attachment #2: video (video/webm) ──────────────────────────────────────────────────────────────
    test-results/dashboard-progress-Dashboa-e1cbc-y-current-level-information-chromium/video.webm
    ────────────────────────────────────────────────────────────────────────────────────────────────

    Error Context: test-results/dashboard-progress-Dashboa-e1cbc-y-current-level-information-chromium/error-context.md

  19) [chromium] › tests/dashboard-progress.spec.ts:51:7 › Dashboard and Progress Tracking › should display all 6 branches 

    [31mTest timeout of 30000ms exceeded while running "beforeEach" hook.[39m

      17 |
      18 | test.describe("Dashboard and Progress Tracking", () => {
    > 19 |   test.beforeEach(async ({ page }) => {
         |        ^
      20 |     await login(page);
      21 |   });
      22 |
        at /Users/samireldirini/Desktop/Ebad_academy_website/tests/dashboard-progress.spec.ts:19:8

    Error: page.waitForURL: Test timeout of 30000ms exceeded.
    =========================== logs ===========================
    waiting for navigation until "load"
    ============================================================

      11 |   await page.getByRole("button", { name: /login|sign in/i }).click();
      12 |   // Wait for dashboard URL - removed networkidle requirement as it's too strict
    > 13 |   await page.waitForURL(/dashboard/, { timeout: 60000 });
         |              ^
      14 |   // Wait for DOM to be ready instead of networkidle
      15 |   await page.waitForLoadState("domcontentloaded", { timeout: 60000 });
      16 | }
        at login (/Users/samireldirini/Desktop/Ebad_academy_website/tests/dashboard-progress.spec.ts:13:14)
        at /Users/samireldirini/Desktop/Ebad_academy_website/tests/dashboard-progress.spec.ts:20:5

    attachment #1: screenshot (image/png) ──────────────────────────────────────────────────────────
    test-results/dashboard-progress-Dashboa-9499e-ould-display-all-6-branches-chromium/test-failed-1.png
    ────────────────────────────────────────────────────────────────────────────────────────────────

    attachment #2: video (video/webm) ──────────────────────────────────────────────────────────────
    test-results/dashboard-progress-Dashboa-9499e-ould-display-all-6-branches-chromium/video.webm
    ────────────────────────────────────────────────────────────────────────────────────────────────

    Error Context: test-results/dashboard-progress-Dashboa-9499e-ould-display-all-6-branches-chromium/error-context.md

  20) [chromium] › tests/dashboard-progress.spec.ts:84:7 › Dashboard and Progress Tracking › should show progress percentage or completion status 

    [31mTest timeout of 30000ms exceeded while running "beforeEach" hook.[39m

      17 |
      18 | test.describe("Dashboard and Progress Tracking", () => {
    > 19 |   test.beforeEach(async ({ page }) => {
         |        ^
      20 |     await login(page);
      21 |   });
      22 |
        at /Users/samireldirini/Desktop/Ebad_academy_website/tests/dashboard-progress.spec.ts:19:8

    Error: page.waitForURL: Test timeout of 30000ms exceeded.
    =========================== logs ===========================
    waiting for navigation until "load"
    ============================================================

      11 |   await page.getByRole("button", { name: /login|sign in/i }).click();
      12 |   // Wait for dashboard URL - removed networkidle requirement as it's too strict
    > 13 |   await page.waitForURL(/dashboard/, { timeout: 60000 });
         |              ^
      14 |   // Wait for DOM to be ready instead of networkidle
      15 |   await page.waitForLoadState("domcontentloaded", { timeout: 60000 });
      16 | }
        at login (/Users/samireldirini/Desktop/Ebad_academy_website/tests/dashboard-progress.spec.ts:13:14)
        at /Users/samireldirini/Desktop/Ebad_academy_website/tests/dashboard-progress.spec.ts:20:5

    attachment #1: screenshot (image/png) ──────────────────────────────────────────────────────────
    test-results/dashboard-progress-Dashboa-7f375-entage-or-completion-status-chromium/test-failed-1.png
    ────────────────────────────────────────────────────────────────────────────────────────────────

    attachment #2: video (video/webm) ──────────────────────────────────────────────────────────────
    test-results/dashboard-progress-Dashboa-7f375-entage-or-completion-status-chromium/video.webm
    ────────────────────────────────────────────────────────────────────────────────────────────────

    Error Context: test-results/dashboard-progress-Dashboa-7f375-entage-or-completion-status-chromium/error-context.md

  21) [chromium] › tests/dashboard-progress.spec.ts:100:7 › Dashboard and Progress Tracking › should display lessons for each branch 

    [31mTest timeout of 30000ms exceeded while running "beforeEach" hook.[39m

      17 |
      18 | test.describe("Dashboard and Progress Tracking", () => {
    > 19 |   test.beforeEach(async ({ page }) => {
         |        ^
      20 |     await login(page);
      21 |   });
      22 |
        at /Users/samireldirini/Desktop/Ebad_academy_website/tests/dashboard-progress.spec.ts:19:8

    Error: page.waitForURL: Test timeout of 30000ms exceeded.
    =========================== logs ===========================
    waiting for navigation until "load"
    ============================================================

      11 |   await page.getByRole("button", { name: /login|sign in/i }).click();
      12 |   // Wait for dashboard URL - removed networkidle requirement as it's too strict
    > 13 |   await page.waitForURL(/dashboard/, { timeout: 60000 });
         |              ^
      14 |   // Wait for DOM to be ready instead of networkidle
      15 |   await page.waitForLoadState("domcontentloaded", { timeout: 60000 });
      16 | }
        at login (/Users/samireldirini/Desktop/Ebad_academy_website/tests/dashboard-progress.spec.ts:13:14)
        at /Users/samireldirini/Desktop/Ebad_academy_website/tests/dashboard-progress.spec.ts:20:5

    attachment #1: screenshot (image/png) ──────────────────────────────────────────────────────────
    test-results/dashboard-progress-Dashboa-e3dbc-lay-lessons-for-each-branch-chromium/test-failed-1.png
    ────────────────────────────────────────────────────────────────────────────────────────────────

    attachment #2: video (video/webm) ──────────────────────────────────────────────────────────────
    test-results/dashboard-progress-Dashboa-e3dbc-lay-lessons-for-each-branch-chromium/video.webm
    ────────────────────────────────────────────────────────────────────────────────────────────────

    Error Context: test-results/dashboard-progress-Dashboa-e3dbc-lay-lessons-for-each-branch-chromium/error-context.md

  22) [chromium] › tests/dashboard-progress.spec.ts:119:7 › Dashboard and Progress Tracking › should show locked/unlocked status for levels 

    [31mTest timeout of 30000ms exceeded while running "beforeEach" hook.[39m

      17 |
      18 | test.describe("Dashboard and Progress Tracking", () => {
    > 19 |   test.beforeEach(async ({ page }) => {
         |        ^
      20 |     await login(page);
      21 |   });
      22 |
        at /Users/samireldirini/Desktop/Ebad_academy_website/tests/dashboard-progress.spec.ts:19:8

    Error: page.waitForURL: Test timeout of 30000ms exceeded.
    =========================== logs ===========================
    waiting for navigation until "load"
    ============================================================

      11 |   await page.getByRole("button", { name: /login|sign in/i }).click();
      12 |   // Wait for dashboard URL - removed networkidle requirement as it's too strict
    > 13 |   await page.waitForURL(/dashboard/, { timeout: 60000 });
         |              ^
      14 |   // Wait for DOM to be ready instead of networkidle
      15 |   await page.waitForLoadState("domcontentloaded", { timeout: 60000 });
      16 | }
        at login (/Users/samireldirini/Desktop/Ebad_academy_website/tests/dashboard-progress.spec.ts:13:14)
        at /Users/samireldirini/Desktop/Ebad_academy_website/tests/dashboard-progress.spec.ts:20:5

    attachment #1: screenshot (image/png) ──────────────────────────────────────────────────────────
    test-results/dashboard-progress-Dashboa-d3ca8--unlocked-status-for-levels-chromium/test-failed-1.png
    ────────────────────────────────────────────────────────────────────────────────────────────────

    attachment #2: video (video/webm) ──────────────────────────────────────────────────────────────
    test-results/dashboard-progress-Dashboa-d3ca8--unlocked-status-for-levels-chromium/video.webm
    ────────────────────────────────────────────────────────────────────────────────────────────────

    Error Context: test-results/dashboard-progress-Dashboa-d3ca8--unlocked-status-for-levels-chromium/error-context.md

  23) [chromium] › tests/dashboard-progress.spec.ts:134:7 › Dashboard and Progress Tracking › should display user profile information 

    [31mTest timeout of 30000ms exceeded while running "beforeEach" hook.[39m

      17 |
      18 | test.describe("Dashboard and Progress Tracking", () => {
    > 19 |   test.beforeEach(async ({ page }) => {
         |        ^
      20 |     await login(page);
      21 |   });
      22 |
        at /Users/samireldirini/Desktop/Ebad_academy_website/tests/dashboard-progress.spec.ts:19:8

    Error: page.waitForURL: Test timeout of 30000ms exceeded.
    =========================== logs ===========================
    waiting for navigation until "load"
    ============================================================

      11 |   await page.getByRole("button", { name: /login|sign in/i }).click();
      12 |   // Wait for dashboard URL - removed networkidle requirement as it's too strict
    > 13 |   await page.waitForURL(/dashboard/, { timeout: 60000 });
         |              ^
      14 |   // Wait for DOM to be ready instead of networkidle
      15 |   await page.waitForLoadState("domcontentloaded", { timeout: 60000 });
      16 | }
        at login (/Users/samireldirini/Desktop/Ebad_academy_website/tests/dashboard-progress.spec.ts:13:14)
        at /Users/samireldirini/Desktop/Ebad_academy_website/tests/dashboard-progress.spec.ts:20:5

    attachment #1: screenshot (image/png) ──────────────────────────────────────────────────────────
    test-results/dashboard-progress-Dashboa-a9979-ay-user-profile-information-chromium/test-failed-1.png
    ────────────────────────────────────────────────────────────────────────────────────────────────

    attachment #2: video (video/webm) ──────────────────────────────────────────────────────────────
    test-results/dashboard-progress-Dashboa-a9979-ay-user-profile-information-chromium/video.webm
    ────────────────────────────────────────────────────────────────────────────────────────────────

    Error Context: test-results/dashboard-progress-Dashboa-a9979-ay-user-profile-information-chromium/error-context.md

  24) [chromium] › tests/dashboard-progress.spec.ts:150:7 › Dashboard and Progress Tracking › should show achievements or badges section 

    [31mTest timeout of 30000ms exceeded while running "beforeEach" hook.[39m

      17 |
      18 | test.describe("Dashboard and Progress Tracking", () => {
    > 19 |   test.beforeEach(async ({ page }) => {
         |        ^
      20 |     await login(page);
      21 |   });
      22 |
        at /Users/samireldirini/Desktop/Ebad_academy_website/tests/dashboard-progress.spec.ts:19:8

    Error: page.waitForURL: Test timeout of 30000ms exceeded.
    =========================== logs ===========================
    waiting for navigation until "load"
    ============================================================

      11 |   await page.getByRole("button", { name: /login|sign in/i }).click();
      12 |   // Wait for dashboard URL - removed networkidle requirement as it's too strict
    > 13 |   await page.waitForURL(/dashboard/, { timeout: 60000 });
         |              ^
      14 |   // Wait for DOM to be ready instead of networkidle
      15 |   await page.waitForLoadState("domcontentloaded", { timeout: 60000 });
      16 | }
        at login (/Users/samireldirini/Desktop/Ebad_academy_website/tests/dashboard-progress.spec.ts:13:14)
        at /Users/samireldirini/Desktop/Ebad_academy_website/tests/dashboard-progress.spec.ts:20:5

    attachment #1: screenshot (image/png) ──────────────────────────────────────────────────────────
    test-results/dashboard-progress-Dashboa-cbc24-ievements-or-badges-section-chromium/test-failed-1.png
    ────────────────────────────────────────────────────────────────────────────────────────────────

    attachment #2: video (video/webm) ──────────────────────────────────────────────────────────────
    test-results/dashboard-progress-Dashboa-cbc24-ievements-or-badges-section-chromium/video.webm
    ────────────────────────────────────────────────────────────────────────────────────────────────

    Error Context: test-results/dashboard-progress-Dashboa-cbc24-ievements-or-badges-section-chromium/error-context.md

  25) [chromium] › tests/dashboard-progress.spec.ts:168:7 › Dashboard and Progress Tracking › should display spiritual progress tracker 

    [31mTest timeout of 30000ms exceeded while running "beforeEach" hook.[39m

      17 |
      18 | test.describe("Dashboard and Progress Tracking", () => {
    > 19 |   test.beforeEach(async ({ page }) => {
         |        ^
      20 |     await login(page);
      21 |   });
      22 |
        at /Users/samireldirini/Desktop/Ebad_academy_website/tests/dashboard-progress.spec.ts:19:8

    Error: page.waitForURL: Test timeout of 30000ms exceeded.
    =========================== logs ===========================
    waiting for navigation until "load"
    ============================================================

      11 |   await page.getByRole("button", { name: /login|sign in/i }).click();
      12 |   // Wait for dashboard URL - removed networkidle requirement as it's too strict
    > 13 |   await page.waitForURL(/dashboard/, { timeout: 60000 });
         |              ^
      14 |   // Wait for DOM to be ready instead of networkidle
      15 |   await page.waitForLoadState("domcontentloaded", { timeout: 60000 });
      16 | }
        at login (/Users/samireldirini/Desktop/Ebad_academy_website/tests/dashboard-progress.spec.ts:13:14)
        at /Users/samireldirini/Desktop/Ebad_academy_website/tests/dashboard-progress.spec.ts:20:5

    attachment #1: screenshot (image/png) ──────────────────────────────────────────────────────────
    test-results/dashboard-progress-Dashboa-ea887--spiritual-progress-tracker-chromium/test-failed-1.png
    ────────────────────────────────────────────────────────────────────────────────────────────────

    attachment #2: video (video/webm) ──────────────────────────────────────────────────────────────
    test-results/dashboard-progress-Dashboa-ea887--spiritual-progress-tracker-chromium/video.webm
    ────────────────────────────────────────────────────────────────────────────────────────────────

    Error Context: test-results/dashboard-progress-Dashboa-ea887--spiritual-progress-tracker-chromium/error-context.md

  26) [chromium] › tests/dashboard-progress.spec.ts:183:7 › Dashboard and Progress Tracking › should show leaderboard or ranking 

    [31mTest timeout of 30000ms exceeded while running "beforeEach" hook.[39m

      17 |
      18 | test.describe("Dashboard and Progress Tracking", () => {
    > 19 |   test.beforeEach(async ({ page }) => {
         |        ^
      20 |     await login(page);
      21 |   });
      22 |
        at /Users/samireldirini/Desktop/Ebad_academy_website/tests/dashboard-progress.spec.ts:19:8

    Error: page.waitForURL: Test timeout of 30000ms exceeded.
    =========================== logs ===========================
    waiting for navigation until "load"
    ============================================================

      11 |   await page.getByRole("button", { name: /login|sign in/i }).click();
      12 |   // Wait for dashboard URL - removed networkidle requirement as it's too strict
    > 13 |   await page.waitForURL(/dashboard/, { timeout: 60000 });
         |              ^
      14 |   // Wait for DOM to be ready instead of networkidle
      15 |   await page.waitForLoadState("domcontentloaded", { timeout: 60000 });
      16 | }
        at login (/Users/samireldirini/Desktop/Ebad_academy_website/tests/dashboard-progress.spec.ts:13:14)
        at /Users/samireldirini/Desktop/Ebad_academy_website/tests/dashboard-progress.spec.ts:20:5

    attachment #1: screenshot (image/png) ──────────────────────────────────────────────────────────
    test-results/dashboard-progress-Dashboa-93cd9-show-leaderboard-or-ranking-chromium/test-failed-1.png
    ────────────────────────────────────────────────────────────────────────────────────────────────

    attachment #2: video (video/webm) ──────────────────────────────────────────────────────────────
    test-results/dashboard-progress-Dashboa-93cd9-show-leaderboard-or-ranking-chromium/video.webm
    ────────────────────────────────────────────────────────────────────────────────────────────────

    Error Context: test-results/dashboard-progress-Dashboa-93cd9-show-leaderboard-or-ranking-chromium/error-context.md

  27) [chromium] › tests/dashboard-progress.spec.ts:199:7 › Dashboard and Progress Tracking › should navigate to levels overview page 

    [31mTest timeout of 30000ms exceeded while running "beforeEach" hook.[39m

      17 |
      18 | test.describe("Dashboard and Progress Tracking", () => {
    > 19 |   test.beforeEach(async ({ page }) => {
         |        ^
      20 |     await login(page);
      21 |   });
      22 |
        at /Users/samireldirini/Desktop/Ebad_academy_website/tests/dashboard-progress.spec.ts:19:8

    Error: page.waitForURL: Test timeout of 30000ms exceeded.
    =========================== logs ===========================
    waiting for navigation until "load"
    ============================================================

      11 |   await page.getByRole("button", { name: /login|sign in/i }).click();
      12 |   // Wait for dashboard URL - removed networkidle requirement as it's too strict
    > 13 |   await page.waitForURL(/dashboard/, { timeout: 60000 });
         |              ^
      14 |   // Wait for DOM to be ready instead of networkidle
      15 |   await page.waitForLoadState("domcontentloaded", { timeout: 60000 });
      16 | }
        at login (/Users/samireldirini/Desktop/Ebad_academy_website/tests/dashboard-progress.spec.ts:13:14)
        at /Users/samireldirini/Desktop/Ebad_academy_website/tests/dashboard-progress.spec.ts:20:5

    attachment #1: screenshot (image/png) ──────────────────────────────────────────────────────────
    test-results/dashboard-progress-Dashboa-c99cf-ate-to-levels-overview-page-chromium/test-failed-1.png
    ────────────────────────────────────────────────────────────────────────────────────────────────

    attachment #2: video (video/webm) ──────────────────────────────────────────────────────────────
    test-results/dashboard-progress-Dashboa-c99cf-ate-to-levels-overview-page-chromium/video.webm
    ────────────────────────────────────────────────────────────────────────────────────────────────

    Error Context: test-results/dashboard-progress-Dashboa-c99cf-ate-to-levels-overview-page-chromium/error-context.md

  28) [chromium] › tests/dashboard-progress.spec.ts:214:7 › Dashboard and Progress Tracking › should show next lesson recommendation 

    [31mTest timeout of 30000ms exceeded while running "beforeEach" hook.[39m

      17 |
      18 | test.describe("Dashboard and Progress Tracking", () => {
    > 19 |   test.beforeEach(async ({ page }) => {
         |        ^
      20 |     await login(page);
      21 |   });
      22 |
        at /Users/samireldirini/Desktop/Ebad_academy_website/tests/dashboard-progress.spec.ts:19:8

    Error: page.waitForURL: Test timeout of 30000ms exceeded.
    =========================== logs ===========================
    waiting for navigation until "load"
    ============================================================

      11 |   await page.getByRole("button", { name: /login|sign in/i }).click();
      12 |   // Wait for dashboard URL - removed networkidle requirement as it's too strict
    > 13 |   await page.waitForURL(/dashboard/, { timeout: 60000 });
         |              ^
      14 |   // Wait for DOM to be ready instead of networkidle
      15 |   await page.waitForLoadState("domcontentloaded", { timeout: 60000 });
      16 | }
        at login (/Users/samireldirini/Desktop/Ebad_academy_website/tests/dashboard-progress.spec.ts:13:14)
        at /Users/samireldirini/Desktop/Ebad_academy_website/tests/dashboard-progress.spec.ts:20:5

    attachment #1: screenshot (image/png) ──────────────────────────────────────────────────────────
    test-results/dashboard-progress-Dashboa-08ea7--next-lesson-recommendation-chromium/test-failed-1.png
    ────────────────────────────────────────────────────────────────────────────────────────────────

    attachment #2: video (video/webm) ──────────────────────────────────────────────────────────────
    test-results/dashboard-progress-Dashboa-08ea7--next-lesson-recommendation-chromium/video.webm
    ────────────────────────────────────────────────────────────────────────────────────────────────

    Error Context: test-results/dashboard-progress-Dashboa-08ea7--next-lesson-recommendation-chromium/error-context.md

  29) [chromium] › tests/dashboard-progress.spec.ts:228:7 › Dashboard and Progress Tracking › should display statistics (lessons completed, quizzes passed) 

    [31mTest timeout of 30000ms exceeded while running "beforeEach" hook.[39m

      17 |
      18 | test.describe("Dashboard and Progress Tracking", () => {
    > 19 |   test.beforeEach(async ({ page }) => {
         |        ^
      20 |     await login(page);
      21 |   });
      22 |
        at /Users/samireldirini/Desktop/Ebad_academy_website/tests/dashboard-progress.spec.ts:19:8

    Error: page.waitForURL: Test timeout of 30000ms exceeded.
    =========================== logs ===========================
    waiting for navigation until "load"
    ============================================================

      11 |   await page.getByRole("button", { name: /login|sign in/i }).click();
      12 |   // Wait for dashboard URL - removed networkidle requirement as it's too strict
    > 13 |   await page.waitForURL(/dashboard/, { timeout: 60000 });
         |              ^
      14 |   // Wait for DOM to be ready instead of networkidle
      15 |   await page.waitForLoadState("domcontentloaded", { timeout: 60000 });
      16 | }
        at login (/Users/samireldirini/Desktop/Ebad_academy_website/tests/dashboard-progress.spec.ts:13:14)
        at /Users/samireldirini/Desktop/Ebad_academy_website/tests/dashboard-progress.spec.ts:20:5

    attachment #1: screenshot (image/png) ──────────────────────────────────────────────────────────
    test-results/dashboard-progress-Dashboa-ab9b7-s-completed-quizzes-passed--chromium/test-failed-1.png
    ────────────────────────────────────────────────────────────────────────────────────────────────

    attachment #2: video (video/webm) ──────────────────────────────────────────────────────────────
    test-results/dashboard-progress-Dashboa-ab9b7-s-completed-quizzes-passed--chromium/video.webm
    ────────────────────────────────────────────────────────────────────────────────────────────────

    Error Context: test-results/dashboard-progress-Dashboa-ab9b7-s-completed-quizzes-passed--chromium/error-context.md

  30) [chromium] › tests/dashboard-progress.spec.ts:239:7 › Dashboard and Progress Tracking › should have responsive sidebar navigation 

    [31mTest timeout of 30000ms exceeded while running "beforeEach" hook.[39m

      17 |
      18 | test.describe("Dashboard and Progress Tracking", () => {
    > 19 |   test.beforeEach(async ({ page }) => {
         |        ^
      20 |     await login(page);
      21 |   });
      22 |
        at /Users/samireldirini/Desktop/Ebad_academy_website/tests/dashboard-progress.spec.ts:19:8

    Error: page.waitForURL: Test timeout of 30000ms exceeded.
    =========================== logs ===========================
    waiting for navigation until "load"
    ============================================================

      11 |   await page.getByRole("button", { name: /login|sign in/i }).click();
      12 |   // Wait for dashboard URL - removed networkidle requirement as it's too strict
    > 13 |   await page.waitForURL(/dashboard/, { timeout: 60000 });
         |              ^
      14 |   // Wait for DOM to be ready instead of networkidle
      15 |   await page.waitForLoadState("domcontentloaded", { timeout: 60000 });
      16 | }
        at login (/Users/samireldirini/Desktop/Ebad_academy_website/tests/dashboard-progress.spec.ts:13:14)
        at /Users/samireldirini/Desktop/Ebad_academy_website/tests/dashboard-progress.spec.ts:20:5

    attachment #1: screenshot (image/png) ──────────────────────────────────────────────────────────
    test-results/dashboard-progress-Dashboa-0525c-sponsive-sidebar-navigation-chromium/test-failed-1.png
    ────────────────────────────────────────────────────────────────────────────────────────────────

    attachment #2: video (video/webm) ──────────────────────────────────────────────────────────────
    test-results/dashboard-progress-Dashboa-0525c-sponsive-sidebar-navigation-chromium/video.webm
    ────────────────────────────────────────────────────────────────────────────────────────────────

    Error Context: test-results/dashboard-progress-Dashboa-0525c-sponsive-sidebar-navigation-chromium/error-context.md

  31) [chromium] › tests/dashboard-progress.spec.ts:255:7 › Dashboard and Progress Tracking › should display theme toggle (dark/light mode) 

    [31mTest timeout of 30000ms exceeded while running "beforeEach" hook.[39m

      17 |
      18 | test.describe("Dashboard and Progress Tracking", () => {
    > 19 |   test.beforeEach(async ({ page }) => {
         |        ^
      20 |     await login(page);
      21 |   });
      22 |
        at /Users/samireldirini/Desktop/Ebad_academy_website/tests/dashboard-progress.spec.ts:19:8

    Error: page.waitForURL: Test timeout of 30000ms exceeded.
    =========================== logs ===========================
    waiting for navigation until "load"
    ============================================================

      11 |   await page.getByRole("button", { name: /login|sign in/i }).click();
      12 |   // Wait for dashboard URL - removed networkidle requirement as it's too strict
    > 13 |   await page.waitForURL(/dashboard/, { timeout: 60000 });
         |              ^
      14 |   // Wait for DOM to be ready instead of networkidle
      15 |   await page.waitForLoadState("domcontentloaded", { timeout: 60000 });
      16 | }
        at login (/Users/samireldirini/Desktop/Ebad_academy_website/tests/dashboard-progress.spec.ts:13:14)
        at /Users/samireldirini/Desktop/Ebad_academy_website/tests/dashboard-progress.spec.ts:20:5

    attachment #1: screenshot (image/png) ──────────────────────────────────────────────────────────
    test-results/dashboard-progress-Dashboa-23e79-eme-toggle-dark-light-mode--chromium/test-failed-1.png
    ────────────────────────────────────────────────────────────────────────────────────────────────

    attachment #2: video (video/webm) ──────────────────────────────────────────────────────────────
    test-results/dashboard-progress-Dashboa-23e79-eme-toggle-dark-light-mode--chromium/video.webm
    ────────────────────────────────────────────────────────────────────────────────────────────────

    Error Context: test-results/dashboard-progress-Dashboa-23e79-eme-toggle-dark-light-mode--chromium/error-context.md

  32) [chromium] › tests/lesson-quiz.spec.ts:23:7 › Lesson and Quiz Flow › should display dashboard with levels and branches 

    [31mTest timeout of 30000ms exceeded while running "beforeEach" hook.[39m

      17 |
      18 | test.describe("Lesson and Quiz Flow", () => {
    > 19 |   test.beforeEach(async ({ page }) => {
         |        ^
      20 |     await login(page);
      21 |   });
      22 |
        at /Users/samireldirini/Desktop/Ebad_academy_website/tests/lesson-quiz.spec.ts:19:8

    Error: page.waitForURL: Test timeout of 30000ms exceeded.
    =========================== logs ===========================
    waiting for navigation until "load"
    ============================================================

      11 |   await page.getByRole("button", { name: /login|sign in/i }).click();
      12 |   // Wait for dashboard URL - removed networkidle requirement as it's too strict
    > 13 |   await page.waitForURL(/dashboard/, { timeout: 60000 });
         |              ^
      14 |   // Wait for DOM to be ready instead of networkidle
      15 |   await page.waitForLoadState("domcontentloaded", { timeout: 60000 });
      16 | }
        at login (/Users/samireldirini/Desktop/Ebad_academy_website/tests/lesson-quiz.spec.ts:13:14)
        at /Users/samireldirini/Desktop/Ebad_academy_website/tests/lesson-quiz.spec.ts:20:5

    attachment #1: screenshot (image/png) ──────────────────────────────────────────────────────────
    test-results/lesson-quiz-Lesson-and-Qui-fe267-rd-with-levels-and-branches-chromium/test-failed-1.png
    ────────────────────────────────────────────────────────────────────────────────────────────────

    attachment #2: video (video/webm) ──────────────────────────────────────────────────────────────
    test-results/lesson-quiz-Lesson-and-Qui-fe267-rd-with-levels-and-branches-chromium/video.webm
    ────────────────────────────────────────────────────────────────────────────────────────────────

    Error Context: test-results/lesson-quiz-Lesson-and-Qui-fe267-rd-with-levels-and-branches-chromium/error-context.md

  33) [chromium] › tests/lesson-quiz.spec.ts:58:7 › Lesson and Quiz Flow › should navigate to a lesson 

    [31mTest timeout of 30000ms exceeded while running "beforeEach" hook.[39m

      17 |
      18 | test.describe("Lesson and Quiz Flow", () => {
    > 19 |   test.beforeEach(async ({ page }) => {
         |        ^
      20 |     await login(page);
      21 |   });
      22 |
        at /Users/samireldirini/Desktop/Ebad_academy_website/tests/lesson-quiz.spec.ts:19:8

    Error: page.waitForURL: Test timeout of 30000ms exceeded.
    =========================== logs ===========================
    waiting for navigation until "load"
    ============================================================

      11 |   await page.getByRole("button", { name: /login|sign in/i }).click();
      12 |   // Wait for dashboard URL - removed networkidle requirement as it's too strict
    > 13 |   await page.waitForURL(/dashboard/, { timeout: 60000 });
         |              ^
      14 |   // Wait for DOM to be ready instead of networkidle
      15 |   await page.waitForLoadState("domcontentloaded", { timeout: 60000 });
      16 | }
        at login (/Users/samireldirini/Desktop/Ebad_academy_website/tests/lesson-quiz.spec.ts:13:14)
        at /Users/samireldirini/Desktop/Ebad_academy_website/tests/lesson-quiz.spec.ts:20:5

    attachment #1: screenshot (image/png) ──────────────────────────────────────────────────────────
    test-results/lesson-quiz-Lesson-and-Quiz-Flow-should-navigate-to-a-lesson-chromium/test-failed-1.png
    ────────────────────────────────────────────────────────────────────────────────────────────────

    attachment #2: video (video/webm) ──────────────────────────────────────────────────────────────
    test-results/lesson-quiz-Lesson-and-Quiz-Flow-should-navigate-to-a-lesson-chromium/video.webm
    ────────────────────────────────────────────────────────────────────────────────────────────────

    Error Context: test-results/lesson-quiz-Lesson-and-Quiz-Flow-should-navigate-to-a-lesson-chromium/error-context.md

  34) [chromium] › tests/lesson-quiz.spec.ts:83:7 › Lesson and Quiz Flow › should display lesson content with PDF viewer option 

    [31mTest timeout of 30000ms exceeded while running "beforeEach" hook.[39m

      17 |
      18 | test.describe("Lesson and Quiz Flow", () => {
    > 19 |   test.beforeEach(async ({ page }) => {
         |        ^
      20 |     await login(page);
      21 |   });
      22 |
        at /Users/samireldirini/Desktop/Ebad_academy_website/tests/lesson-quiz.spec.ts:19:8

    Error: page.waitForURL: Test timeout of 30000ms exceeded.
    =========================== logs ===========================
    waiting for navigation until "load"
    ============================================================

      11 |   await page.getByRole("button", { name: /login|sign in/i }).click();
      12 |   // Wait for dashboard URL - removed networkidle requirement as it's too strict
    > 13 |   await page.waitForURL(/dashboard/, { timeout: 60000 });
         |              ^
      14 |   // Wait for DOM to be ready instead of networkidle
      15 |   await page.waitForLoadState("domcontentloaded", { timeout: 60000 });
      16 | }
        at login (/Users/samireldirini/Desktop/Ebad_academy_website/tests/lesson-quiz.spec.ts:13:14)
        at /Users/samireldirini/Desktop/Ebad_academy_website/tests/lesson-quiz.spec.ts:20:5

    attachment #1: screenshot (image/png) ──────────────────────────────────────────────────────────
    test-results/lesson-quiz-Lesson-and-Qui-065ce-tent-with-PDF-viewer-option-chromium/test-failed-1.png
    ────────────────────────────────────────────────────────────────────────────────────────────────

    attachment #2: video (video/webm) ──────────────────────────────────────────────────────────────
    test-results/lesson-quiz-Lesson-and-Qui-065ce-tent-with-PDF-viewer-option-chromium/video.webm
    ────────────────────────────────────────────────────────────────────────────────────────────────

    Error Context: test-results/lesson-quiz-Lesson-and-Qui-065ce-tent-with-PDF-viewer-option-chromium/error-context.md

  35) [chromium] › tests/lesson-quiz.spec.ts:109:7 › Lesson and Quiz Flow › should navigate to quiz from lesson 

    [31mTest timeout of 30000ms exceeded while running "beforeEach" hook.[39m

      17 |
      18 | test.describe("Lesson and Quiz Flow", () => {
    > 19 |   test.beforeEach(async ({ page }) => {
         |        ^
      20 |     await login(page);
      21 |   });
      22 |
        at /Users/samireldirini/Desktop/Ebad_academy_website/tests/lesson-quiz.spec.ts:19:8

    Error: page.waitForURL: Test timeout of 30000ms exceeded.
    =========================== logs ===========================
    waiting for navigation until "load"
    ============================================================

      11 |   await page.getByRole("button", { name: /login|sign in/i }).click();
      12 |   // Wait for dashboard URL - removed networkidle requirement as it's too strict
    > 13 |   await page.waitForURL(/dashboard/, { timeout: 60000 });
         |              ^
      14 |   // Wait for DOM to be ready instead of networkidle
      15 |   await page.waitForLoadState("domcontentloaded", { timeout: 60000 });
      16 | }
        at login (/Users/samireldirini/Desktop/Ebad_academy_website/tests/lesson-quiz.spec.ts:13:14)
        at /Users/samireldirini/Desktop/Ebad_academy_website/tests/lesson-quiz.spec.ts:20:5

    attachment #1: screenshot (image/png) ──────────────────────────────────────────────────────────
    test-results/lesson-quiz-Lesson-and-Qui-e7473-avigate-to-quiz-from-lesson-chromium/test-failed-1.png
    ────────────────────────────────────────────────────────────────────────────────────────────────

    attachment #2: video (video/webm) ──────────────────────────────────────────────────────────────
    test-results/lesson-quiz-Lesson-and-Qui-e7473-avigate-to-quiz-from-lesson-chromium/video.webm
    ────────────────────────────────────────────────────────────────────────────────────────────────

    Error Context: test-results/lesson-quiz-Lesson-and-Qui-e7473-avigate-to-quiz-from-lesson-chromium/error-context.md

  36) [chromium] › tests/lesson-quiz.spec.ts:145:7 › Lesson and Quiz Flow › should display quiz questions and allow answering 

    [31mTest timeout of 30000ms exceeded while running "beforeEach" hook.[39m

      17 |
      18 | test.describe("Lesson and Quiz Flow", () => {
    > 19 |   test.beforeEach(async ({ page }) => {
         |        ^
      20 |     await login(page);
      21 |   });
      22 |
        at /Users/samireldirini/Desktop/Ebad_academy_website/tests/lesson-quiz.spec.ts:19:8

    Error: page.waitForURL: Test timeout of 30000ms exceeded.
    =========================== logs ===========================
    waiting for navigation until "load"
    ============================================================

      11 |   await page.getByRole("button", { name: /login|sign in/i }).click();
      12 |   // Wait for dashboard URL - removed networkidle requirement as it's too strict
    > 13 |   await page.waitForURL(/dashboard/, { timeout: 60000 });
         |              ^
      14 |   // Wait for DOM to be ready instead of networkidle
      15 |   await page.waitForLoadState("domcontentloaded", { timeout: 60000 });
      16 | }
        at login (/Users/samireldirini/Desktop/Ebad_academy_website/tests/lesson-quiz.spec.ts:13:14)
        at /Users/samireldirini/Desktop/Ebad_academy_website/tests/lesson-quiz.spec.ts:20:5

    attachment #1: screenshot (image/png) ──────────────────────────────────────────────────────────
    test-results/lesson-quiz-Lesson-and-Qui-b67d1-estions-and-allow-answering-chromium/test-failed-1.png
    ────────────────────────────────────────────────────────────────────────────────────────────────

    attachment #2: video (video/webm) ──────────────────────────────────────────────────────────────
    test-results/lesson-quiz-Lesson-and-Qui-b67d1-estions-and-allow-answering-chromium/video.webm
    ────────────────────────────────────────────────────────────────────────────────────────────────

    Error Context: test-results/lesson-quiz-Lesson-and-Qui-b67d1-estions-and-allow-answering-chromium/error-context.md

  37) [chromium] › tests/lesson-quiz.spec.ts:202:7 › Lesson and Quiz Flow › should navigate between quiz questions 

    [31mTest timeout of 30000ms exceeded while running "beforeEach" hook.[39m

      17 |
      18 | test.describe("Lesson and Quiz Flow", () => {
    > 19 |   test.beforeEach(async ({ page }) => {
         |        ^
      20 |     await login(page);
      21 |   });
      22 |
        at /Users/samireldirini/Desktop/Ebad_academy_website/tests/lesson-quiz.spec.ts:19:8

    Error: page.waitForURL: Test timeout of 30000ms exceeded.
    =========================== logs ===========================
    waiting for navigation until "load"
    ============================================================

      11 |   await page.getByRole("button", { name: /login|sign in/i }).click();
      12 |   // Wait for dashboard URL - removed networkidle requirement as it's too strict
    > 13 |   await page.waitForURL(/dashboard/, { timeout: 60000 });
         |              ^
      14 |   // Wait for DOM to be ready instead of networkidle
      15 |   await page.waitForLoadState("domcontentloaded", { timeout: 60000 });
      16 | }
        at login (/Users/samireldirini/Desktop/Ebad_academy_website/tests/lesson-quiz.spec.ts:13:14)
        at /Users/samireldirini/Desktop/Ebad_academy_website/tests/lesson-quiz.spec.ts:20:5

    attachment #1: screenshot (image/png) ──────────────────────────────────────────────────────────
    test-results/lesson-quiz-Lesson-and-Qui-590f7-gate-between-quiz-questions-chromium/test-failed-1.png
    ────────────────────────────────────────────────────────────────────────────────────────────────

    attachment #2: video (video/webm) ──────────────────────────────────────────────────────────────
    test-results/lesson-quiz-Lesson-and-Qui-590f7-gate-between-quiz-questions-chromium/video.webm
    ────────────────────────────────────────────────────────────────────────────────────────────────

    Error Context: test-results/lesson-quiz-Lesson-and-Qui-590f7-gate-between-quiz-questions-chromium/error-context.md

  38) [chromium] › tests/lesson-quiz.spec.ts:226:7 › Lesson and Quiz Flow › should submit quiz and show results 

    [31mTest timeout of 30000ms exceeded while running "beforeEach" hook.[39m

      17 |
      18 | test.describe("Lesson and Quiz Flow", () => {
    > 19 |   test.beforeEach(async ({ page }) => {
         |        ^
      20 |     await login(page);
      21 |   });
      22 |
        at /Users/samireldirini/Desktop/Ebad_academy_website/tests/lesson-quiz.spec.ts:19:8

    Error: page.waitForURL: Test timeout of 30000ms exceeded.
    =========================== logs ===========================
    waiting for navigation until "load"
    ============================================================

      11 |   await page.getByRole("button", { name: /login|sign in/i }).click();
      12 |   // Wait for dashboard URL - removed networkidle requirement as it's too strict
    > 13 |   await page.waitForURL(/dashboard/, { timeout: 60000 });
         |              ^
      14 |   // Wait for DOM to be ready instead of networkidle
      15 |   await page.waitForLoadState("domcontentloaded", { timeout: 60000 });
      16 | }
        at login (/Users/samireldirini/Desktop/Ebad_academy_website/tests/lesson-quiz.spec.ts:13:14)
        at /Users/samireldirini/Desktop/Ebad_academy_website/tests/lesson-quiz.spec.ts:20:5

    attachment #1: screenshot (image/png) ──────────────────────────────────────────────────────────
    test-results/lesson-quiz-Lesson-and-Qui-e9113-ubmit-quiz-and-show-results-chromium/test-failed-1.png
    ────────────────────────────────────────────────────────────────────────────────────────────────

    attachment #2: video (video/webm) ──────────────────────────────────────────────────────────────
    test-results/lesson-quiz-Lesson-and-Qui-e9113-ubmit-quiz-and-show-results-chromium/video.webm
    ────────────────────────────────────────────────────────────────────────────────────────────────

    Error Context: test-results/lesson-quiz-Lesson-and-Qui-e9113-ubmit-quiz-and-show-results-chromium/error-context.md

  39) [chromium] › tests/lesson-quiz.spec.ts:274:7 › Lesson and Quiz Flow › should show passing message for score >= 60% 

    [31mTest timeout of 30000ms exceeded while running "beforeEach" hook.[39m

      17 |
      18 | test.describe("Lesson and Quiz Flow", () => {
    > 19 |   test.beforeEach(async ({ page }) => {
         |        ^
      20 |     await login(page);
      21 |   });
      22 |
        at /Users/samireldirini/Desktop/Ebad_academy_website/tests/lesson-quiz.spec.ts:19:8

    Error: page.waitForURL: Test timeout of 30000ms exceeded.
    =========================== logs ===========================
    waiting for navigation until "load"
    ============================================================

      11 |   await page.getByRole("button", { name: /login|sign in/i }).click();
      12 |   // Wait for dashboard URL - removed networkidle requirement as it's too strict
    > 13 |   await page.waitForURL(/dashboard/, { timeout: 60000 });
         |              ^
      14 |   // Wait for DOM to be ready instead of networkidle
      15 |   await page.waitForLoadState("domcontentloaded", { timeout: 60000 });
      16 | }
        at login (/Users/samireldirini/Desktop/Ebad_academy_website/tests/lesson-quiz.spec.ts:13:14)
        at /Users/samireldirini/Desktop/Ebad_academy_website/tests/lesson-quiz.spec.ts:20:5

    attachment #1: screenshot (image/png) ──────────────────────────────────────────────────────────
    test-results/lesson-quiz-Lesson-and-Qui-850b7-ssing-message-for-score-60--chromium/test-failed-1.png
    ────────────────────────────────────────────────────────────────────────────────────────────────

    attachment #2: video (video/webm) ──────────────────────────────────────────────────────────────
    test-results/lesson-quiz-Lesson-and-Qui-850b7-ssing-message-for-score-60--chromium/video.webm
    ────────────────────────────────────────────────────────────────────────────────────────────────

    Error Context: test-results/lesson-quiz-Lesson-and-Qui-850b7-ssing-message-for-score-60--chromium/error-context.md

  40) [chromium] › tests/lesson-quiz.spec.ts:286:7 › Lesson and Quiz Flow › should allow quiz retake on failure 

    [31mTest timeout of 30000ms exceeded while running "beforeEach" hook.[39m

      17 |
      18 | test.describe("Lesson and Quiz Flow", () => {
    > 19 |   test.beforeEach(async ({ page }) => {
         |        ^
      20 |     await login(page);
      21 |   });
      22 |
        at /Users/samireldirini/Desktop/Ebad_academy_website/tests/lesson-quiz.spec.ts:19:8

    Error: page.waitForURL: Test timeout of 30000ms exceeded.
    =========================== logs ===========================
    waiting for navigation until "load"
    ============================================================

      11 |   await page.getByRole("button", { name: /login|sign in/i }).click();
      12 |   // Wait for dashboard URL - removed networkidle requirement as it's too strict
    > 13 |   await page.waitForURL(/dashboard/, { timeout: 60000 });
         |              ^
      14 |   // Wait for DOM to be ready instead of networkidle
      15 |   await page.waitForLoadState("domcontentloaded", { timeout: 60000 });
      16 | }
        at login (/Users/samireldirini/Desktop/Ebad_academy_website/tests/lesson-quiz.spec.ts:13:14)
        at /Users/samireldirini/Desktop/Ebad_academy_website/tests/lesson-quiz.spec.ts:20:5

    attachment #1: screenshot (image/png) ──────────────────────────────────────────────────────────
    test-results/lesson-quiz-Lesson-and-Qui-133bb-llow-quiz-retake-on-failure-chromium/test-failed-1.png
    ────────────────────────────────────────────────────────────────────────────────────────────────

    attachment #2: video (video/webm) ──────────────────────────────────────────────────────────────
    test-results/lesson-quiz-Lesson-and-Qui-133bb-llow-quiz-retake-on-failure-chromium/video.webm
    ────────────────────────────────────────────────────────────────────────────────────────────────

    Error Context: test-results/lesson-quiz-Lesson-and-Qui-133bb-llow-quiz-retake-on-failure-chromium/error-context.md

  41) [chromium] › tests/performance-comprehensive.spec.ts:134:7 › PAGE LOAD PERFORMANCE › Dashboard loads within 3 seconds 

    [31mTest timeout of 30000ms exceeded.[39m

    Error: page.waitForURL: Test timeout of 30000ms exceeded.
    =========================== logs ===========================
    waiting for navigation until "load"
    ============================================================

      115 |   await page.getByRole("button", { name: /login|sign in/i }).click();
      116 |   // Wait for dashboard URL - removed networkidle requirement as it's too strict
    > 117 |   await page.waitForURL(/dashboard/, { timeout: 60000 });
          |              ^
      118 |   // Wait for DOM to be ready instead of networkidle
      119 |   await page.waitForLoadState("domcontentloaded", { timeout: 60000 });
      120 | }
        at loginTestUser (/Users/samireldirini/Desktop/Ebad_academy_website/tests/performance-comprehensive.spec.ts:117:14)
        at /Users/samireldirini/Desktop/Ebad_academy_website/tests/performance-comprehensive.spec.ts:135:5

    attachment #1: screenshot (image/png) ──────────────────────────────────────────────────────────
    test-results/performance-comprehensive--ce499-oard-loads-within-3-seconds-chromium/test-failed-1.png
    ────────────────────────────────────────────────────────────────────────────────────────────────

    attachment #2: video (video/webm) ──────────────────────────────────────────────────────────────
    test-results/performance-comprehensive--ce499-oard-loads-within-3-seconds-chromium/video.webm
    ────────────────────────────────────────────────────────────────────────────────────────────────

    Error Context: test-results/performance-comprehensive--ce499-oard-loads-within-3-seconds-chromium/error-context.md

  42) [chromium] › tests/performance-comprehensive.spec.ts:149:7 › PAGE LOAD PERFORMANCE › Lesson page loads within 2 seconds 

    [31mTest timeout of 30000ms exceeded.[39m

    Error: page.waitForURL: Test timeout of 30000ms exceeded.
    =========================== logs ===========================
    waiting for navigation until "load"
    ============================================================

      115 |   await page.getByRole("button", { name: /login|sign in/i }).click();
      116 |   // Wait for dashboard URL - removed networkidle requirement as it's too strict
    > 117 |   await page.waitForURL(/dashboard/, { timeout: 60000 });
          |              ^
      118 |   // Wait for DOM to be ready instead of networkidle
      119 |   await page.waitForLoadState("domcontentloaded", { timeout: 60000 });
      120 | }
        at loginTestUser (/Users/samireldirini/Desktop/Ebad_academy_website/tests/performance-comprehensive.spec.ts:117:14)
        at /Users/samireldirini/Desktop/Ebad_academy_website/tests/performance-comprehensive.spec.ts:150:5

    attachment #1: screenshot (image/png) ──────────────────────────────────────────────────────────
    test-results/performance-comprehensive--559d8-page-loads-within-2-seconds-chromium/test-failed-1.png
    ────────────────────────────────────────────────────────────────────────────────────────────────

    attachment #2: video (video/webm) ──────────────────────────────────────────────────────────────
    test-results/performance-comprehensive--559d8-page-loads-within-2-seconds-chromium/video.webm
    ────────────────────────────────────────────────────────────────────────────────────────────────

    Error Context: test-results/performance-comprehensive--559d8-page-loads-within-2-seconds-chromium/error-context.md

  43) [chromium] › tests/performance-comprehensive.spec.ts:164:7 › PAGE LOAD PERFORMANCE › Quiz page loads within 2 seconds 

    [31mTest timeout of 30000ms exceeded.[39m

    Error: page.waitForURL: Test timeout of 30000ms exceeded.
    =========================== logs ===========================
    waiting for navigation until "load"
    ============================================================

      115 |   await page.getByRole("button", { name: /login|sign in/i }).click();
      116 |   // Wait for dashboard URL - removed networkidle requirement as it's too strict
    > 117 |   await page.waitForURL(/dashboard/, { timeout: 60000 });
          |              ^
      118 |   // Wait for DOM to be ready instead of networkidle
      119 |   await page.waitForLoadState("domcontentloaded", { timeout: 60000 });
      120 | }
        at loginTestUser (/Users/samireldirini/Desktop/Ebad_academy_website/tests/performance-comprehensive.spec.ts:117:14)
        at /Users/samireldirini/Desktop/Ebad_academy_website/tests/performance-comprehensive.spec.ts:165:5

    attachment #1: screenshot (image/png) ──────────────────────────────────────────────────────────
    test-results/performance-comprehensive--86619-page-loads-within-2-seconds-chromium/test-failed-1.png
    ────────────────────────────────────────────────────────────────────────────────────────────────

    attachment #2: video (video/webm) ──────────────────────────────────────────────────────────────
    test-results/performance-comprehensive--86619-page-loads-within-2-seconds-chromium/video.webm
    ────────────────────────────────────────────────────────────────────────────────────────────────

    Error Context: test-results/performance-comprehensive--86619-page-loads-within-2-seconds-chromium/error-context.md

  44) [chromium] › tests/performance-comprehensive.spec.ts:209:7 › NETWORK PERFORMANCE › API response times under load 

    [31mTest timeout of 30000ms exceeded.[39m

    Error: page.waitForURL: Test timeout of 30000ms exceeded.
    =========================== logs ===========================
    waiting for navigation until "load"
    ============================================================

      115 |   await page.getByRole("button", { name: /login|sign in/i }).click();
      116 |   // Wait for dashboard URL - removed networkidle requirement as it's too strict
    > 117 |   await page.waitForURL(/dashboard/, { timeout: 60000 });
          |              ^
      118 |   // Wait for DOM to be ready instead of networkidle
      119 |   await page.waitForLoadState("domcontentloaded", { timeout: 60000 });
      120 | }
        at loginTestUser (/Users/samireldirini/Desktop/Ebad_academy_website/tests/performance-comprehensive.spec.ts:117:14)
        at /Users/samireldirini/Desktop/Ebad_academy_website/tests/performance-comprehensive.spec.ts:210:5

    attachment #1: screenshot (image/png) ──────────────────────────────────────────────────────────
    test-results/performance-comprehensive--0e496-I-response-times-under-load-chromium/test-failed-1.png
    ────────────────────────────────────────────────────────────────────────────────────────────────

    attachment #2: video (video/webm) ──────────────────────────────────────────────────────────────
    test-results/performance-comprehensive--0e496-I-response-times-under-load-chromium/video.webm
    ────────────────────────────────────────────────────────────────────────────────────────────────

    Error Context: test-results/performance-comprehensive--0e496-I-response-times-under-load-chromium/error-context.md

  45) [chromium] › tests/performance-comprehensive.spec.ts:239:7 › NETWORK PERFORMANCE › Concurrent user simulation 

    [31mTest timeout of 30000ms exceeded.[39m

    Error: [2mexpect([22m[31mreceived[39m[2m).[22mtoBeGreaterThanOrEqual[2m([22m[32mexpected[39m[2m)[22m

    Expected: >= [32m4[39m
    Received:    [31m0[39m

      283 |
      284 |     // At least 80% should succeed under load
    > 285 |     expect(successfulLogins.length).toBeGreaterThanOrEqual(
          |                                     ^
      286 |       Math.floor(maxConcurrentUsers * 0.8)
      287 |     );
      288 |
        at /Users/samireldirini/Desktop/Ebad_academy_website/tests/performance-comprehensive.spec.ts:285:37

    attachment #1: screenshot (image/png) ──────────────────────────────────────────────────────────
    test-results/performance-comprehensive--80a2e--Concurrent-user-simulation-chromium/test-failed-2.png
    ────────────────────────────────────────────────────────────────────────────────────────────────

    attachment #2: screenshot (image/png) ──────────────────────────────────────────────────────────
    test-results/performance-comprehensive--80a2e--Concurrent-user-simulation-chromium/test-failed-3.png
    ────────────────────────────────────────────────────────────────────────────────────────────────

    attachment #3: screenshot (image/png) ──────────────────────────────────────────────────────────
    test-results/performance-comprehensive--80a2e--Concurrent-user-simulation-chromium/test-failed-4.png
    ────────────────────────────────────────────────────────────────────────────────────────────────

    attachment #4: screenshot (image/png) ──────────────────────────────────────────────────────────
    test-results/performance-comprehensive--80a2e--Concurrent-user-simulation-chromium/test-failed-5.png
    ────────────────────────────────────────────────────────────────────────────────────────────────

    attachment #5: screenshot (image/png) ──────────────────────────────────────────────────────────
    test-results/performance-comprehensive--80a2e--Concurrent-user-simulation-chromium/test-failed-6.png
    ────────────────────────────────────────────────────────────────────────────────────────────────

    attachment #6: screenshot (image/png) ──────────────────────────────────────────────────────────
    test-results/performance-comprehensive--80a2e--Concurrent-user-simulation-chromium/test-failed-1.png
    ────────────────────────────────────────────────────────────────────────────────────────────────

    attachment #7: video (video/webm) ──────────────────────────────────────────────────────────────
    test-results/performance-comprehensive--80a2e--Concurrent-user-simulation-chromium/video-5.webm
    ────────────────────────────────────────────────────────────────────────────────────────────────

    attachment #8: video (video/webm) ──────────────────────────────────────────────────────────────
    test-results/performance-comprehensive--80a2e--Concurrent-user-simulation-chromium/video-3.webm
    ────────────────────────────────────────────────────────────────────────────────────────────────

    attachment #9: video (video/webm) ──────────────────────────────────────────────────────────────
    test-results/performance-comprehensive--80a2e--Concurrent-user-simulation-chromium/video-4.webm
    ────────────────────────────────────────────────────────────────────────────────────────────────

    attachment #10: video (video/webm) ─────────────────────────────────────────────────────────────
    test-results/performance-comprehensive--80a2e--Concurrent-user-simulation-chromium/video.webm
    ────────────────────────────────────────────────────────────────────────────────────────────────

    attachment #11: video (video/webm) ─────────────────────────────────────────────────────────────
    test-results/performance-comprehensive--80a2e--Concurrent-user-simulation-chromium/video-1.webm
    ────────────────────────────────────────────────────────────────────────────────────────────────

    attachment #12: video (video/webm) ─────────────────────────────────────────────────────────────
    test-results/performance-comprehensive--80a2e--Concurrent-user-simulation-chromium/video-2.webm
    ────────────────────────────────────────────────────────────────────────────────────────────────

  46) [chromium] › tests/performance-comprehensive.spec.ts:297:7 › RESOURCE PERFORMANCE › PDF loading performance 

    [31mTest timeout of 30000ms exceeded.[39m

    Error: page.waitForURL: Test timeout of 30000ms exceeded.
    =========================== logs ===========================
    waiting for navigation until "load"
    ============================================================

      115 |   await page.getByRole("button", { name: /login|sign in/i }).click();
      116 |   // Wait for dashboard URL - removed networkidle requirement as it's too strict
    > 117 |   await page.waitForURL(/dashboard/, { timeout: 60000 });
          |              ^
      118 |   // Wait for DOM to be ready instead of networkidle
      119 |   await page.waitForLoadState("domcontentloaded", { timeout: 60000 });
      120 | }
        at loginTestUser (/Users/samireldirini/Desktop/Ebad_academy_website/tests/performance-comprehensive.spec.ts:117:14)
        at /Users/samireldirini/Desktop/Ebad_academy_website/tests/performance-comprehensive.spec.ts:298:5

    attachment #1: screenshot (image/png) ──────────────────────────────────────────────────────────
    test-results/performance-comprehensive--4acc7-NCE-PDF-loading-performance-chromium/test-failed-1.png
    ────────────────────────────────────────────────────────────────────────────────────────────────

    attachment #2: video (video/webm) ──────────────────────────────────────────────────────────────
    test-results/performance-comprehensive--4acc7-NCE-PDF-loading-performance-chromium/video.webm
    ────────────────────────────────────────────────────────────────────────────────────────────────

    Error Context: test-results/performance-comprehensive--4acc7-NCE-PDF-loading-performance-chromium/error-context.md

  47) [chromium] › tests/performance-comprehensive.spec.ts:427:7 › MOBILE PERFORMANCE › Touch interactions performance 

    [31mTest timeout of 30000ms exceeded.[39m

    Error: page.waitForURL: Test timeout of 30000ms exceeded.
    =========================== logs ===========================
    waiting for navigation until "load"
    ============================================================

      115 |   await page.getByRole("button", { name: /login|sign in/i }).click();
      116 |   // Wait for dashboard URL - removed networkidle requirement as it's too strict
    > 117 |   await page.waitForURL(/dashboard/, { timeout: 60000 });
          |              ^
      118 |   // Wait for DOM to be ready instead of networkidle
      119 |   await page.waitForLoadState("domcontentloaded", { timeout: 60000 });
      120 | }
        at loginTestUser (/Users/samireldirini/Desktop/Ebad_academy_website/tests/performance-comprehensive.spec.ts:117:14)
        at /Users/samireldirini/Desktop/Ebad_academy_website/tests/performance-comprehensive.spec.ts:429:5

    attachment #1: screenshot (image/png) ──────────────────────────────────────────────────────────
    test-results/performance-comprehensive--84265-ch-interactions-performance-chromium/test-failed-1.png
    ────────────────────────────────────────────────────────────────────────────────────────────────

    attachment #2: video (video/webm) ──────────────────────────────────────────────────────────────
    test-results/performance-comprehensive--84265-ch-interactions-performance-chromium/video.webm
    ────────────────────────────────────────────────────────────────────────────────────────────────

    Error Context: test-results/performance-comprehensive--84265-ch-interactions-performance-chromium/error-context.md

  48) [chromium] › tests/performance-comprehensive.spec.ts:451:7 › MEMORY AND RESOURCE USAGE › Memory usage during long sessions 

    [31mTest timeout of 30000ms exceeded.[39m

    Error: page.waitForURL: Test timeout of 30000ms exceeded.
    =========================== logs ===========================
    waiting for navigation until "load"
    ============================================================

      115 |   await page.getByRole("button", { name: /login|sign in/i }).click();
      116 |   // Wait for dashboard URL - removed networkidle requirement as it's too strict
    > 117 |   await page.waitForURL(/dashboard/, { timeout: 60000 });
          |              ^
      118 |   // Wait for DOM to be ready instead of networkidle
      119 |   await page.waitForLoadState("domcontentloaded", { timeout: 60000 });
      120 | }
        at loginTestUser (/Users/samireldirini/Desktop/Ebad_academy_website/tests/performance-comprehensive.spec.ts:117:14)
        at /Users/samireldirini/Desktop/Ebad_academy_website/tests/performance-comprehensive.spec.ts:452:5

    attachment #1: screenshot (image/png) ──────────────────────────────────────────────────────────
    test-results/performance-comprehensive--9379f--usage-during-long-sessions-chromium/test-failed-1.png
    ────────────────────────────────────────────────────────────────────────────────────────────────

    attachment #2: video (video/webm) ──────────────────────────────────────────────────────────────
    test-results/performance-comprehensive--9379f--usage-during-long-sessions-chromium/video.webm
    ────────────────────────────────────────────────────────────────────────────────────────────────

    Error Context: test-results/performance-comprehensive--9379f--usage-during-long-sessions-chromium/error-context.md

  49) [chromium] › tests/performance-comprehensive.spec.ts:486:7 › MEMORY AND RESOURCE USAGE › No memory leaks in quiz interface 

    [31mTest timeout of 30000ms exceeded.[39m

    Error: page.waitForURL: Test timeout of 30000ms exceeded.
    =========================== logs ===========================
    waiting for navigation until "load"
    ============================================================

      115 |   await page.getByRole("button", { name: /login|sign in/i }).click();
      116 |   // Wait for dashboard URL - removed networkidle requirement as it's too strict
    > 117 |   await page.waitForURL(/dashboard/, { timeout: 60000 });
          |              ^
      118 |   // Wait for DOM to be ready instead of networkidle
      119 |   await page.waitForLoadState("domcontentloaded", { timeout: 60000 });
      120 | }
        at loginTestUser (/Users/samireldirini/Desktop/Ebad_academy_website/tests/performance-comprehensive.spec.ts:117:14)
        at /Users/samireldirini/Desktop/Ebad_academy_website/tests/performance-comprehensive.spec.ts:487:5

    attachment #1: screenshot (image/png) ──────────────────────────────────────────────────────────
    test-results/performance-comprehensive--118e6-ory-leaks-in-quiz-interface-chromium/test-failed-1.png
    ────────────────────────────────────────────────────────────────────────────────────────────────

    attachment #2: video (video/webm) ──────────────────────────────────────────────────────────────
    test-results/performance-comprehensive--118e6-ory-leaks-in-quiz-interface-chromium/video.webm
    ────────────────────────────────────────────────────────────────────────────────────────────────

    Error Context: test-results/performance-comprehensive--118e6-ory-leaks-in-quiz-interface-chromium/error-context.md

  50) [chromium] › tests/performance-comprehensive.spec.ts:547:7 › PERFORMANCE REGRESSION › Performance with large datasets 

    [31mTest timeout of 30000ms exceeded.[39m

    Error: page.waitForURL: Test timeout of 30000ms exceeded.
    =========================== logs ===========================
    waiting for navigation until "load"
    ============================================================

      115 |   await page.getByRole("button", { name: /login|sign in/i }).click();
      116 |   // Wait for dashboard URL - removed networkidle requirement as it's too strict
    > 117 |   await page.waitForURL(/dashboard/, { timeout: 60000 });
          |              ^
      118 |   // Wait for DOM to be ready instead of networkidle
      119 |   await page.waitForLoadState("domcontentloaded", { timeout: 60000 });
      120 | }
        at loginTestUser (/Users/samireldirini/Desktop/Ebad_academy_website/tests/performance-comprehensive.spec.ts:117:14)
        at /Users/samireldirini/Desktop/Ebad_academy_website/tests/performance-comprehensive.spec.ts:548:5

    attachment #1: screenshot (image/png) ──────────────────────────────────────────────────────────
    test-results/performance-comprehensive--559ac-ormance-with-large-datasets-chromium/test-failed-1.png
    ────────────────────────────────────────────────────────────────────────────────────────────────

    attachment #2: video (video/webm) ──────────────────────────────────────────────────────────────
    test-results/performance-comprehensive--559ac-ormance-with-large-datasets-chromium/video.webm
    ────────────────────────────────────────────────────────────────────────────────────────────────

    Error Context: test-results/performance-comprehensive--559ac-ormance-with-large-datasets-chromium/error-context.md

  51) [chromium] › tests/performance-comprehensive.spec.ts:567:5 › Performance Summary Report ──────

    [31mTest timeout of 30000ms exceeded.[39m

    attachment #1: screenshot (image/png) ──────────────────────────────────────────────────────────
    test-results/performance-comprehensive-Performance-Summary-Report-chromium/test-failed-1.png
    ────────────────────────────────────────────────────────────────────────────────────────────────

    attachment #2: video (video/webm) ──────────────────────────────────────────────────────────────
    test-results/performance-comprehensive-Performance-Summary-Report-chromium/video.webm
    ────────────────────────────────────────────────────────────────────────────────────────────────

    Error Context: test-results/performance-comprehensive-Performance-Summary-Report-chromium/error-context.md

  52) [chromium] › tests/quiz-comprehensive.spec.ts:168:7 › QUIZ AUTO-GRADING SYSTEM - Core Business Logic › Perfect score (10/10) = 100% and PASS 

    [31mTest timeout of 30000ms exceeded while running "beforeEach" hook.[39m

      161 |
      162 | test.describe("QUIZ AUTO-GRADING SYSTEM - Core Business Logic", () => {
    > 163 |   test.beforeEach(async ({ page }) => {
          |        ^
      164 |     await loginTestUser(page);
      165 |   });
      166 |
        at /Users/samireldirini/Desktop/Ebad_academy_website/tests/quiz-comprehensive.spec.ts:163:8

    Error: page.waitForURL: Test timeout of 30000ms exceeded.
    =========================== logs ===========================
    waiting for navigation until "load"
    ============================================================

      46 |   await page.getByRole("button", { name: /login|sign in/i }).click();
      47 |   // Wait for dashboard URL - removed networkidle requirement as it's too strict
    > 48 |   await page.waitForURL(/dashboard/, { timeout: 60000 });
         |              ^
      49 |   // Wait for DOM to be ready instead of networkidle
      50 |   await page.waitForLoadState("domcontentloaded", { timeout: 60000 });
      51 | }
        at loginTestUser (/Users/samireldirini/Desktop/Ebad_academy_website/tests/quiz-comprehensive.spec.ts:48:14)
        at /Users/samireldirini/Desktop/Ebad_academy_website/tests/quiz-comprehensive.spec.ts:164:5

    attachment #1: screenshot (image/png) ──────────────────────────────────────────────────────────
    test-results/quiz-comprehensive-QUIZ-AU-b5662-ct-score-10-10-100-and-PASS-chromium/test-failed-1.png
    ────────────────────────────────────────────────────────────────────────────────────────────────

    attachment #2: video (video/webm) ──────────────────────────────────────────────────────────────
    test-results/quiz-comprehensive-QUIZ-AU-b5662-ct-score-10-10-100-and-PASS-chromium/video.webm
    ────────────────────────────────────────────────────────────────────────────────────────────────

    Error Context: test-results/quiz-comprehensive-QUIZ-AU-b5662-ct-score-10-10-100-and-PASS-chromium/error-context.md

  53) [chromium] › tests/quiz-comprehensive.spec.ts:217:7 › QUIZ AUTO-GRADING SYSTEM - Core Business Logic › Exact passing score (6/10) = 60% and PASS 

    [31mTest timeout of 30000ms exceeded while running "beforeEach" hook.[39m

      161 |
      162 | test.describe("QUIZ AUTO-GRADING SYSTEM - Core Business Logic", () => {
    > 163 |   test.beforeEach(async ({ page }) => {
          |        ^
      164 |     await loginTestUser(page);
      165 |   });
      166 |
        at /Users/samireldirini/Desktop/Ebad_academy_website/tests/quiz-comprehensive.spec.ts:163:8

    Error: page.waitForURL: Test timeout of 30000ms exceeded.
    =========================== logs ===========================
    waiting for navigation until "load"
    ============================================================

      46 |   await page.getByRole("button", { name: /login|sign in/i }).click();
      47 |   // Wait for dashboard URL - removed networkidle requirement as it's too strict
    > 48 |   await page.waitForURL(/dashboard/, { timeout: 60000 });
         |              ^
      49 |   // Wait for DOM to be ready instead of networkidle
      50 |   await page.waitForLoadState("domcontentloaded", { timeout: 60000 });
      51 | }
        at loginTestUser (/Users/samireldirini/Desktop/Ebad_academy_website/tests/quiz-comprehensive.spec.ts:48:14)
        at /Users/samireldirini/Desktop/Ebad_academy_website/tests/quiz-comprehensive.spec.ts:164:5

    attachment #1: screenshot (image/png) ──────────────────────────────────────────────────────────
    test-results/quiz-comprehensive-QUIZ-AU-33ef1-sing-score-6-10-60-and-PASS-chromium/test-failed-1.png
    ────────────────────────────────────────────────────────────────────────────────────────────────

    attachment #2: video (video/webm) ──────────────────────────────────────────────────────────────
    test-results/quiz-comprehensive-QUIZ-AU-33ef1-sing-score-6-10-60-and-PASS-chromium/video.webm
    ────────────────────────────────────────────────────────────────────────────────────────────────

    Error Context: test-results/quiz-comprehensive-QUIZ-AU-33ef1-sing-score-6-10-60-and-PASS-chromium/error-context.md

  54) [chromium] › tests/quiz-comprehensive.spec.ts:262:7 › QUIZ AUTO-GRADING SYSTEM - Core Business Logic › Below passing score (5/10) = 50% and FAIL 

    [31mTest timeout of 30000ms exceeded while running "beforeEach" hook.[39m

      161 |
      162 | test.describe("QUIZ AUTO-GRADING SYSTEM - Core Business Logic", () => {
    > 163 |   test.beforeEach(async ({ page }) => {
          |        ^
      164 |     await loginTestUser(page);
      165 |   });
      166 |
        at /Users/samireldirini/Desktop/Ebad_academy_website/tests/quiz-comprehensive.spec.ts:163:8

    Error: page.waitForURL: Test timeout of 30000ms exceeded.
    =========================== logs ===========================
    waiting for navigation until "load"
    ============================================================

      46 |   await page.getByRole("button", { name: /login|sign in/i }).click();
      47 |   // Wait for dashboard URL - removed networkidle requirement as it's too strict
    > 48 |   await page.waitForURL(/dashboard/, { timeout: 60000 });
         |              ^
      49 |   // Wait for DOM to be ready instead of networkidle
      50 |   await page.waitForLoadState("domcontentloaded", { timeout: 60000 });
      51 | }
        at loginTestUser (/Users/samireldirini/Desktop/Ebad_academy_website/tests/quiz-comprehensive.spec.ts:48:14)
        at /Users/samireldirini/Desktop/Ebad_academy_website/tests/quiz-comprehensive.spec.ts:164:5

    attachment #1: screenshot (image/png) ──────────────────────────────────────────────────────────
    test-results/quiz-comprehensive-QUIZ-AU-dec25-sing-score-5-10-50-and-FAIL-chromium/test-failed-1.png
    ────────────────────────────────────────────────────────────────────────────────────────────────

    attachment #2: video (video/webm) ──────────────────────────────────────────────────────────────
    test-results/quiz-comprehensive-QUIZ-AU-dec25-sing-score-5-10-50-and-FAIL-chromium/video.webm
    ────────────────────────────────────────────────────────────────────────────────────────────────

    Error Context: test-results/quiz-comprehensive-QUIZ-AU-dec25-sing-score-5-10-50-and-FAIL-chromium/error-context.md

  55) [chromium] › tests/quiz-comprehensive.spec.ts:306:7 › QUIZ AUTO-GRADING SYSTEM - Core Business Logic › All wrong answers (0/10) = 0% and FAIL 

    [31mTest timeout of 30000ms exceeded while running "beforeEach" hook.[39m

      161 |
      162 | test.describe("QUIZ AUTO-GRADING SYSTEM - Core Business Logic", () => {
    > 163 |   test.beforeEach(async ({ page }) => {
          |        ^
      164 |     await loginTestUser(page);
      165 |   });
      166 |
        at /Users/samireldirini/Desktop/Ebad_academy_website/tests/quiz-comprehensive.spec.ts:163:8

    Error: page.waitForURL: Test timeout of 30000ms exceeded.
    =========================== logs ===========================
    waiting for navigation until "load"
    ============================================================

      46 |   await page.getByRole("button", { name: /login|sign in/i }).click();
      47 |   // Wait for dashboard URL - removed networkidle requirement as it's too strict
    > 48 |   await page.waitForURL(/dashboard/, { timeout: 60000 });
         |              ^
      49 |   // Wait for DOM to be ready instead of networkidle
      50 |   await page.waitForLoadState("domcontentloaded", { timeout: 60000 });
      51 | }
        at loginTestUser (/Users/samireldirini/Desktop/Ebad_academy_website/tests/quiz-comprehensive.spec.ts:48:14)
        at /Users/samireldirini/Desktop/Ebad_academy_website/tests/quiz-comprehensive.spec.ts:164:5

    attachment #1: screenshot (image/png) ──────────────────────────────────────────────────────────
    test-results/quiz-comprehensive-QUIZ-AU-ab3ec-ong-answers-0-10-0-and-FAIL-chromium/test-failed-1.png
    ────────────────────────────────────────────────────────────────────────────────────────────────

    attachment #2: video (video/webm) ──────────────────────────────────────────────────────────────
    test-results/quiz-comprehensive-QUIZ-AU-ab3ec-ong-answers-0-10-0-and-FAIL-chromium/video.webm
    ────────────────────────────────────────────────────────────────────────────────────────────────

    Error Context: test-results/quiz-comprehensive-QUIZ-AU-ab3ec-ong-answers-0-10-0-and-FAIL-chromium/error-context.md

  56) [chromium] › tests/quiz-comprehensive.spec.ts:352:7 › QUIZ AUTO-GRADING SYSTEM - Core Business Logic › Edge case: 59% should FAIL (5.9/10 rounds to 59%) 

    [31mTest timeout of 30000ms exceeded while running "beforeEach" hook.[39m

      161 |
      162 | test.describe("QUIZ AUTO-GRADING SYSTEM - Core Business Logic", () => {
    > 163 |   test.beforeEach(async ({ page }) => {
          |        ^
      164 |     await loginTestUser(page);
      165 |   });
      166 |
        at /Users/samireldirini/Desktop/Ebad_academy_website/tests/quiz-comprehensive.spec.ts:163:8

    Error: page.waitForURL: Test timeout of 30000ms exceeded.
    =========================== logs ===========================
    waiting for navigation until "load"
    ============================================================

      46 |   await page.getByRole("button", { name: /login|sign in/i }).click();
      47 |   // Wait for dashboard URL - removed networkidle requirement as it's too strict
    > 48 |   await page.waitForURL(/dashboard/, { timeout: 60000 });
         |              ^
      49 |   // Wait for DOM to be ready instead of networkidle
      50 |   await page.waitForLoadState("domcontentloaded", { timeout: 60000 });
      51 | }
        at loginTestUser (/Users/samireldirini/Desktop/Ebad_academy_website/tests/quiz-comprehensive.spec.ts:48:14)
        at /Users/samireldirini/Desktop/Ebad_academy_website/tests/quiz-comprehensive.spec.ts:164:5

    attachment #1: screenshot (image/png) ──────────────────────────────────────────────────────────
    test-results/quiz-comprehensive-QUIZ-AU-f5d1d-d-FAIL-5-9-10-rounds-to-59--chromium/test-failed-1.png
    ────────────────────────────────────────────────────────────────────────────────────────────────

    attachment #2: video (video/webm) ──────────────────────────────────────────────────────────────
    test-results/quiz-comprehensive-QUIZ-AU-f5d1d-d-FAIL-5-9-10-rounds-to-59--chromium/video.webm
    ────────────────────────────────────────────────────────────────────────────────────────────────

    Error Context: test-results/quiz-comprehensive-QUIZ-AU-f5d1d-d-FAIL-5-9-10-rounds-to-59--chromium/error-context.md

  57) [chromium] › tests/quiz-comprehensive.spec.ts:406:7 › QUIZ AUTO-GRADING SYSTEM - Core Business Logic › Failed quiz allows retake and tracks best score 

    [31mTest timeout of 30000ms exceeded while running "beforeEach" hook.[39m

      161 |
      162 | test.describe("QUIZ AUTO-GRADING SYSTEM - Core Business Logic", () => {
    > 163 |   test.beforeEach(async ({ page }) => {
          |        ^
      164 |     await loginTestUser(page);
      165 |   });
      166 |
        at /Users/samireldirini/Desktop/Ebad_academy_website/tests/quiz-comprehensive.spec.ts:163:8

    Error: page.waitForURL: Test timeout of 30000ms exceeded.
    =========================== logs ===========================
    waiting for navigation until "load"
    ============================================================

      46 |   await page.getByRole("button", { name: /login|sign in/i }).click();
      47 |   // Wait for dashboard URL - removed networkidle requirement as it's too strict
    > 48 |   await page.waitForURL(/dashboard/, { timeout: 60000 });
         |              ^
      49 |   // Wait for DOM to be ready instead of networkidle
      50 |   await page.waitForLoadState("domcontentloaded", { timeout: 60000 });
      51 | }
        at loginTestUser (/Users/samireldirini/Desktop/Ebad_academy_website/tests/quiz-comprehensive.spec.ts:48:14)
        at /Users/samireldirini/Desktop/Ebad_academy_website/tests/quiz-comprehensive.spec.ts:164:5

    attachment #1: screenshot (image/png) ──────────────────────────────────────────────────────────
    test-results/quiz-comprehensive-QUIZ-AU-29d15-etake-and-tracks-best-score-chromium/test-failed-1.png
    ────────────────────────────────────────────────────────────────────────────────────────────────

    attachment #2: video (video/webm) ──────────────────────────────────────────────────────────────
    test-results/quiz-comprehensive-QUIZ-AU-29d15-etake-and-tracks-best-score-chromium/video.webm
    ────────────────────────────────────────────────────────────────────────────────────────────────

    Error Context: test-results/quiz-comprehensive-QUIZ-AU-29d15-etake-and-tracks-best-score-chromium/error-context.md

  58) [chromium] › tests/quiz-comprehensive.spec.ts:479:7 › QUIZ AUTO-GRADING SYSTEM - Core Business Logic › Score calculation is mathematically correct 

    [31mTest timeout of 30000ms exceeded while running "beforeEach" hook.[39m

      161 |
      162 | test.describe("QUIZ AUTO-GRADING SYSTEM - Core Business Logic", () => {
    > 163 |   test.beforeEach(async ({ page }) => {
          |        ^
      164 |     await loginTestUser(page);
      165 |   });
      166 |
        at /Users/samireldirini/Desktop/Ebad_academy_website/tests/quiz-comprehensive.spec.ts:163:8

    Error: page.waitForURL: Test timeout of 30000ms exceeded.
    =========================== logs ===========================
    waiting for navigation until "load"
    ============================================================

      46 |   await page.getByRole("button", { name: /login|sign in/i }).click();
      47 |   // Wait for dashboard URL - removed networkidle requirement as it's too strict
    > 48 |   await page.waitForURL(/dashboard/, { timeout: 60000 });
         |              ^
      49 |   // Wait for DOM to be ready instead of networkidle
      50 |   await page.waitForLoadState("domcontentloaded", { timeout: 60000 });
      51 | }
        at loginTestUser (/Users/samireldirini/Desktop/Ebad_academy_website/tests/quiz-comprehensive.spec.ts:48:14)
        at /Users/samireldirini/Desktop/Ebad_academy_website/tests/quiz-comprehensive.spec.ts:164:5

    attachment #1: screenshot (image/png) ──────────────────────────────────────────────────────────
    test-results/quiz-comprehensive-QUIZ-AU-77140-n-is-mathematically-correct-chromium/test-failed-1.png
    ────────────────────────────────────────────────────────────────────────────────────────────────

    attachment #2: video (video/webm) ──────────────────────────────────────────────────────────────
    test-results/quiz-comprehensive-QUIZ-AU-77140-n-is-mathematically-correct-chromium/video.webm
    ────────────────────────────────────────────────────────────────────────────────────────────────

    Error Context: test-results/quiz-comprehensive-QUIZ-AU-77140-n-is-mathematically-correct-chromium/error-context.md

  59) [chromium] › tests/quiz-comprehensive.spec.ts:528:7 › QUIZ SUBMISSION VALIDATION › Cannot submit quiz with unanswered questions 

    [31mTest timeout of 30000ms exceeded while running "beforeEach" hook.[39m

      522 |
      523 | test.describe("QUIZ SUBMISSION VALIDATION", () => {
    > 524 |   test.beforeEach(async ({ page }) => {
          |        ^
      525 |     await loginTestUser(page);
      526 |   });
      527 |
        at /Users/samireldirini/Desktop/Ebad_academy_website/tests/quiz-comprehensive.spec.ts:524:8

    Error: page.waitForURL: Test timeout of 30000ms exceeded.
    =========================== logs ===========================
    waiting for navigation until "load"
    ============================================================

      46 |   await page.getByRole("button", { name: /login|sign in/i }).click();
      47 |   // Wait for dashboard URL - removed networkidle requirement as it's too strict
    > 48 |   await page.waitForURL(/dashboard/, { timeout: 60000 });
         |              ^
      49 |   // Wait for DOM to be ready instead of networkidle
      50 |   await page.waitForLoadState("domcontentloaded", { timeout: 60000 });
      51 | }
        at loginTestUser (/Users/samireldirini/Desktop/Ebad_academy_website/tests/quiz-comprehensive.spec.ts:48:14)
        at /Users/samireldirini/Desktop/Ebad_academy_website/tests/quiz-comprehensive.spec.ts:525:5

    attachment #1: screenshot (image/png) ──────────────────────────────────────────────────────────
    test-results/quiz-comprehensive-QUIZ-SU-28f52-z-with-unanswered-questions-chromium/test-failed-1.png
    ────────────────────────────────────────────────────────────────────────────────────────────────

    attachment #2: video (video/webm) ──────────────────────────────────────────────────────────────
    test-results/quiz-comprehensive-QUIZ-SU-28f52-z-with-unanswered-questions-chromium/video.webm
    ────────────────────────────────────────────────────────────────────────────────────────────────

    Error Context: test-results/quiz-comprehensive-QUIZ-SU-28f52-z-with-unanswered-questions-chromium/error-context.md

  60) [chromium] › tests/quiz-comprehensive.spec.ts:570:7 › QUIZ SUBMISSION VALIDATION › Quiz timer functionality (if implemented) 

    [31mTest timeout of 30000ms exceeded while running "beforeEach" hook.[39m

      522 |
      523 | test.describe("QUIZ SUBMISSION VALIDATION", () => {
    > 524 |   test.beforeEach(async ({ page }) => {
          |        ^
      525 |     await loginTestUser(page);
      526 |   });
      527 |
        at /Users/samireldirini/Desktop/Ebad_academy_website/tests/quiz-comprehensive.spec.ts:524:8

    Error: page.waitForURL: Test timeout of 30000ms exceeded.
    =========================== logs ===========================
    waiting for navigation until "load"
    ============================================================

      46 |   await page.getByRole("button", { name: /login|sign in/i }).click();
      47 |   // Wait for dashboard URL - removed networkidle requirement as it's too strict
    > 48 |   await page.waitForURL(/dashboard/, { timeout: 60000 });
         |              ^
      49 |   // Wait for DOM to be ready instead of networkidle
      50 |   await page.waitForLoadState("domcontentloaded", { timeout: 60000 });
      51 | }
        at loginTestUser (/Users/samireldirini/Desktop/Ebad_academy_website/tests/quiz-comprehensive.spec.ts:48:14)
        at /Users/samireldirini/Desktop/Ebad_academy_website/tests/quiz-comprehensive.spec.ts:525:5

    attachment #1: screenshot (image/png) ──────────────────────────────────────────────────────────
    test-results/quiz-comprehensive-QUIZ-SU-10205-nctionality-if-implemented--chromium/test-failed-1.png
    ────────────────────────────────────────────────────────────────────────────────────────────────

    attachment #2: video (video/webm) ──────────────────────────────────────────────────────────────
    test-results/quiz-comprehensive-QUIZ-SU-10205-nctionality-if-implemented--chromium/video.webm
    ────────────────────────────────────────────────────────────────────────────────────────────────

    Error Context: test-results/quiz-comprehensive-QUIZ-SU-10205-nctionality-if-implemented--chromium/error-context.md

  61) [chromium] › tests/quiz-comprehensive.spec.ts:601:7 › QUIZ RESULTS AND FEEDBACK › Results page shows detailed feedback 

    [31mTest timeout of 30000ms exceeded while running "beforeEach" hook.[39m

      595 |
      596 | test.describe("QUIZ RESULTS AND FEEDBACK", () => {
    > 597 |   test.beforeEach(async ({ page }) => {
          |        ^
      598 |     await loginTestUser(page);
      599 |   });
      600 |
        at /Users/samireldirini/Desktop/Ebad_academy_website/tests/quiz-comprehensive.spec.ts:597:8

    Error: page.waitForURL: Test timeout of 30000ms exceeded.
    =========================== logs ===========================
    waiting for navigation until "load"
    ============================================================

      46 |   await page.getByRole("button", { name: /login|sign in/i }).click();
      47 |   // Wait for dashboard URL - removed networkidle requirement as it's too strict
    > 48 |   await page.waitForURL(/dashboard/, { timeout: 60000 });
         |              ^
      49 |   // Wait for DOM to be ready instead of networkidle
      50 |   await page.waitForLoadState("domcontentloaded", { timeout: 60000 });
      51 | }
        at loginTestUser (/Users/samireldirini/Desktop/Ebad_academy_website/tests/quiz-comprehensive.spec.ts:48:14)
        at /Users/samireldirini/Desktop/Ebad_academy_website/tests/quiz-comprehensive.spec.ts:598:5

    attachment #1: screenshot (image/png) ──────────────────────────────────────────────────────────
    test-results/quiz-comprehensive-QUIZ-RE-e2f43-age-shows-detailed-feedback-chromium/test-failed-1.png
    ────────────────────────────────────────────────────────────────────────────────────────────────

    attachment #2: video (video/webm) ──────────────────────────────────────────────────────────────
    test-results/quiz-comprehensive-QUIZ-RE-e2f43-age-shows-detailed-feedback-chromium/video.webm
    ────────────────────────────────────────────────────────────────────────────────────────────────

    Error Context: test-results/quiz-comprehensive-QUIZ-RE-e2f43-age-shows-detailed-feedback-chromium/error-context.md

  62) [chromium] › tests/quiz-comprehensive.spec.ts:642:7 › QUIZ RESULTS AND FEEDBACK › Correct and incorrect answers are highlighted 

    [31mTest timeout of 30000ms exceeded while running "beforeEach" hook.[39m

      595 |
      596 | test.describe("QUIZ RESULTS AND FEEDBACK", () => {
    > 597 |   test.beforeEach(async ({ page }) => {
          |        ^
      598 |     await loginTestUser(page);
      599 |   });
      600 |
        at /Users/samireldirini/Desktop/Ebad_academy_website/tests/quiz-comprehensive.spec.ts:597:8

    Error: page.waitForURL: Test timeout of 30000ms exceeded.
    =========================== logs ===========================
    waiting for navigation until "load"
    ============================================================

      46 |   await page.getByRole("button", { name: /login|sign in/i }).click();
      47 |   // Wait for dashboard URL - removed networkidle requirement as it's too strict
    > 48 |   await page.waitForURL(/dashboard/, { timeout: 60000 });
         |              ^
      49 |   // Wait for DOM to be ready instead of networkidle
      50 |   await page.waitForLoadState("domcontentloaded", { timeout: 60000 });
      51 | }
        at loginTestUser (/Users/samireldirini/Desktop/Ebad_academy_website/tests/quiz-comprehensive.spec.ts:48:14)
        at /Users/samireldirini/Desktop/Ebad_academy_website/tests/quiz-comprehensive.spec.ts:598:5

    attachment #1: screenshot (image/png) ──────────────────────────────────────────────────────────
    test-results/quiz-comprehensive-QUIZ-RE-52522-ect-answers-are-highlighted-chromium/test-failed-1.png
    ────────────────────────────────────────────────────────────────────────────────────────────────

    attachment #2: video (video/webm) ──────────────────────────────────────────────────────────────
    test-results/quiz-comprehensive-QUIZ-RE-52522-ect-answers-are-highlighted-chromium/video.webm
    ────────────────────────────────────────────────────────────────────────────────────────────────

    Error Context: test-results/quiz-comprehensive-QUIZ-RE-52522-ect-answers-are-highlighted-chromium/error-context.md

  63) [chromium] › tests/security-comprehensive.spec.ts:201:7 › SQL INJECTION PREVENTION › API endpoints reject malicious SQL payloads 

    Error: [2mexpect([22m[31mreceived[39m[2m).[22mtoBeGreaterThanOrEqual[2m([22m[32mexpected[39m[2m)[22m

    Expected: >= [32m400[39m
    Received:    [31m0[39m

      215 |
      216 |     // Should return error status, not SQL error
    > 217 |     expect(response.status).toBeGreaterThanOrEqual(400);
          |                             ^
      218 |     expect(response.text.toLowerCase()).not.toContain("sql");
      219 |     expect(response.text.toLowerCase()).not.toContain("database");
      220 |
        at /Users/samireldirini/Desktop/Ebad_academy_website/tests/security-comprehensive.spec.ts:217:29

    attachment #1: screenshot (image/png) ──────────────────────────────────────────────────────────
    test-results/security-comprehensive-SQL-03409-ject-malicious-SQL-payloads-chromium/test-failed-1.png
    ────────────────────────────────────────────────────────────────────────────────────────────────

    attachment #2: video (video/webm) ──────────────────────────────────────────────────────────────
    test-results/security-comprehensive-SQL-03409-ject-malicious-SQL-payloads-chromium/video.webm
    ────────────────────────────────────────────────────────────────────────────────────────────────

  64) [chromium] › tests/security-comprehensive.spec.ts:257:7 › XSS (Cross-Site Scripting) PREVENTION › Registration form sanitizes XSS attempts 

    Error: [2mexpect([22m[31mreceived[39m[2m).[22mtoBeFalsy[2m()[22m

    Received: [31mtrue[39m

      275 |         window.alert.toString().includes("alert")
      276 |       );
    > 277 |       expect(alertFired).toBeFalsy();
          |                          ^
      278 |
      279 |       // Check if payload was rendered as text (safe) vs HTML (dangerous)
      280 |       const bodyHTML = await page.locator("body").innerHTML();
        at /Users/samireldirini/Desktop/Ebad_academy_website/tests/security-comprehensive.spec.ts:277:26

    attachment #1: screenshot (image/png) ──────────────────────────────────────────────────────────
    test-results/security-comprehensive-XSS-09896-form-sanitizes-XSS-attempts-chromium/test-failed-1.png
    ────────────────────────────────────────────────────────────────────────────────────────────────

    attachment #2: video (video/webm) ──────────────────────────────────────────────────────────────
    test-results/security-comprehensive-XSS-09896-form-sanitizes-XSS-attempts-chromium/video.webm
    ────────────────────────────────────────────────────────────────────────────────────────────────

    Error Context: test-results/security-comprehensive-XSS-09896-form-sanitizes-XSS-attempts-chromium/error-context.md

  65) [chromium] › tests/security-comprehensive.spec.ts:428:7 › AUTHORIZATION & ACCESS CONTROL › Unauthenticated users cannot access protected content 

    Error: [2mexpect([22m[31mreceived[39m[2m).[22mtoBe[2m([22m[32mexpected[39m[2m) // Object.is equality[22m

    Expected: [32m401[39m
    Received: [31m404[39m

      452 |         // For API endpoints, check response status
      453 |         const response = await testApiEndpoint(page, url, "GET");
    > 454 |         expect(response.status).toBe(401);
          |                                 ^
      455 |       } else {
      456 |         expect(isRedirectedToLogin).toBeTruthy();
      457 |       }
        at /Users/samireldirini/Desktop/Ebad_academy_website/tests/security-comprehensive.spec.ts:454:33

    attachment #1: screenshot (image/png) ──────────────────────────────────────────────────────────
    test-results/security-comprehensive-AUT-2c01e-ot-access-protected-content-chromium/test-failed-1.png
    ────────────────────────────────────────────────────────────────────────────────────────────────

    attachment #2: video (video/webm) ──────────────────────────────────────────────────────────────
    test-results/security-comprehensive-AUT-2c01e-ot-access-protected-content-chromium/video.webm
    ────────────────────────────────────────────────────────────────────────────────────────────────

    Error Context: test-results/security-comprehensive-AUT-2c01e-ot-access-protected-content-chromium/error-context.md

  66) [chromium] › tests/security-comprehensive.spec.ts:505:7 › RATE LIMITING & DOS PROTECTION › Login rate limiting prevents brute force 

    Error: [2mexpect([22m[31mreceived[39m[2m).[22mtoBeGreaterThan[2m([22m[32mexpected[39m[2m)[22m

    Expected: > [32m0[39m
    Received:   [31m0[39m

      544 |     // Should have some rate limiting (at least after 5-6 attempts)
      545 |     if (maxAttempts >= 5) {
    > 546 |       expect(blockedAttempts).toBeGreaterThan(0);
          |                               ^
      547 |     }
      548 |
      549 |     console.log(
        at /Users/samireldirini/Desktop/Ebad_academy_website/tests/security-comprehensive.spec.ts:546:31

    attachment #1: screenshot (image/png) ──────────────────────────────────────────────────────────
    test-results/security-comprehensive-RAT-67d78-miting-prevents-brute-force-chromium/test-failed-1.png
    ────────────────────────────────────────────────────────────────────────────────────────────────

    attachment #2: video (video/webm) ──────────────────────────────────────────────────────────────
    test-results/security-comprehensive-RAT-67d78-miting-prevents-brute-force-chromium/video.webm
    ────────────────────────────────────────────────────────────────────────────────────────────────

    Error Context: test-results/security-comprehensive-RAT-67d78-miting-prevents-brute-force-chromium/error-context.md

  66 failed
    [chromium] › tests/admin.spec.ts:126:7 › Admin Panel Features › should display quiz management ─
    [chromium] › tests/admin.spec.ts:145:7 › Admin Panel Features › should show analytics and statistics 
    [chromium] › tests/admin.spec.ts:162:7 › Admin Panel Features › should allow managing user roles 
    [chromium] › tests/admin.spec.ts:177:7 › Admin Panel Features › should display level and branch management 
    [chromium] › tests/admin.spec.ts:196:7 › Admin Panel Features › should have proper admin-only access control 
    [chromium] › tests/auth.spec.ts:40:7 › Authentication Flow › should register a new user successfully 
    [chromium] › tests/critical-priority.spec.ts:107:7 › CRITICAL PRIORITY - Must Pass Tests › 1. ✅ User can register and login 
    [chromium] › tests/critical-priority.spec.ts:131:7 › CRITICAL PRIORITY - Must Pass Tests › 2. ✅ Quiz auto-grading calculates scores correctly 
    [chromium] › tests/critical-priority.spec.ts:166:7 › CRITICAL PRIORITY - Must Pass Tests › 3. ✅ Passing quiz (≥60%) marks lesson as completed 
    [chromium] › tests/critical-priority.spec.ts:203:7 › CRITICAL PRIORITY - Must Pass Tests › 4. ✅ Failing quiz (<60%) does NOT mark as completed 
    [chromium] › tests/critical-priority.spec.ts:242:7 › CRITICAL PRIORITY - Must Pass Tests › 5. ✅ Level 2 unlocks ONLY when ALL Level 1 lessons completed with ≥60% 
    [chromium] › tests/critical-priority.spec.ts:269:7 › CRITICAL PRIORITY - Must Pass Tests › 6. ✅ Progress persists across sessions 
    [chromium] › tests/critical-priority.spec.ts:300:7 › CRITICAL PRIORITY - Must Pass Tests › 7. ✅ PDF downloads work 
    [chromium] › tests/critical-priority.spec.ts:376:7 › CRITICAL PRIORITY - Must Pass Tests › 9. ✅ Mobile responsive (iPhone/Android) 
    [chromium] › tests/critical-priority.spec.ts:424:7 › CRITICAL PRIORITY - Must Pass Tests › 10. ✅ Registration automatically unlocks Level 1 
    [chromium] › tests/critical-priority.spec.ts:453:7 › CRITICAL BUSINESS LOGIC - Quiz Grading System › Quiz scoring edge cases 
    [chromium] › tests/dashboard-progress.spec.ts:23:7 › Dashboard and Progress Tracking › should display user dashboard with progress overview 
    [chromium] › tests/dashboard-progress.spec.ts:36:7 › Dashboard and Progress Tracking › should display current level information 
    [chromium] › tests/dashboard-progress.spec.ts:51:7 › Dashboard and Progress Tracking › should display all 6 branches 
    [chromium] › tests/dashboard-progress.spec.ts:84:7 › Dashboard and Progress Tracking › should show progress percentage or completion status 
    [chromium] › tests/dashboard-progress.spec.ts:100:7 › Dashboard and Progress Tracking › should display lessons for each branch 
    [chromium] › tests/dashboard-progress.spec.ts:119:7 › Dashboard and Progress Tracking › should show locked/unlocked status for levels 
    [chromium] › tests/dashboard-progress.spec.ts:134:7 › Dashboard and Progress Tracking › should display user profile information 
    [chromium] › tests/dashboard-progress.spec.ts:150:7 › Dashboard and Progress Tracking › should show achievements or badges section 
    [chromium] › tests/dashboard-progress.spec.ts:168:7 › Dashboard and Progress Tracking › should display spiritual progress tracker 
    [chromium] › tests/dashboard-progress.spec.ts:183:7 › Dashboard and Progress Tracking › should show leaderboard or ranking 
    [chromium] › tests/dashboard-progress.spec.ts:199:7 › Dashboard and Progress Tracking › should navigate to levels overview page 
    [chromium] › tests/dashboard-progress.spec.ts:214:7 › Dashboard and Progress Tracking › should show next lesson recommendation 
    [chromium] › tests/dashboard-progress.spec.ts:228:7 › Dashboard and Progress Tracking › should display statistics (lessons completed, quizzes passed) 
    [chromium] › tests/dashboard-progress.spec.ts:239:7 › Dashboard and Progress Tracking › should have responsive sidebar navigation 
    [chromium] › tests/dashboard-progress.spec.ts:255:7 › Dashboard and Progress Tracking › should display theme toggle (dark/light mode) 
    [chromium] › tests/lesson-quiz.spec.ts:23:7 › Lesson and Quiz Flow › should display dashboard with levels and branches 
    [chromium] › tests/lesson-quiz.spec.ts:58:7 › Lesson and Quiz Flow › should navigate to a lesson 
    [chromium] › tests/lesson-quiz.spec.ts:83:7 › Lesson and Quiz Flow › should display lesson content with PDF viewer option 
    [chromium] › tests/lesson-quiz.spec.ts:109:7 › Lesson and Quiz Flow › should navigate to quiz from lesson 
    [chromium] › tests/lesson-quiz.spec.ts:145:7 › Lesson and Quiz Flow › should display quiz questions and allow answering 
    [chromium] › tests/lesson-quiz.spec.ts:202:7 › Lesson and Quiz Flow › should navigate between quiz questions 
    [chromium] › tests/lesson-quiz.spec.ts:226:7 › Lesson and Quiz Flow › should submit quiz and show results 
    [chromium] › tests/lesson-quiz.spec.ts:274:7 › Lesson and Quiz Flow › should show passing message for score >= 60% 
    [chromium] › tests/lesson-quiz.spec.ts:286:7 › Lesson and Quiz Flow › should allow quiz retake on failure 
    [chromium] › tests/performance-comprehensive.spec.ts:134:7 › PAGE LOAD PERFORMANCE › Dashboard loads within 3 seconds 
    [chromium] › tests/performance-comprehensive.spec.ts:149:7 › PAGE LOAD PERFORMANCE › Lesson page loads within 2 seconds 
    [chromium] › tests/performance-comprehensive.spec.ts:164:7 › PAGE LOAD PERFORMANCE › Quiz page loads within 2 seconds 
    [chromium] › tests/performance-comprehensive.spec.ts:209:7 › NETWORK PERFORMANCE › API response times under load 
    [chromium] › tests/performance-comprehensive.spec.ts:239:7 › NETWORK PERFORMANCE › Concurrent user simulation 
    [chromium] › tests/performance-comprehensive.spec.ts:297:7 › RESOURCE PERFORMANCE › PDF loading performance 
    [chromium] › tests/performance-comprehensive.spec.ts:427:7 › MOBILE PERFORMANCE › Touch interactions performance 
    [chromium] › tests/performance-comprehensive.spec.ts:451:7 › MEMORY AND RESOURCE USAGE › Memory usage during long sessions 
    [chromium] › tests/performance-comprehensive.spec.ts:486:7 › MEMORY AND RESOURCE USAGE › No memory leaks in quiz interface 
    [chromium] › tests/performance-comprehensive.spec.ts:547:7 › PERFORMANCE REGRESSION › Performance with large datasets 
    [chromium] › tests/performance-comprehensive.spec.ts:567:5 › Performance Summary Report ────────
    [chromium] › tests/quiz-comprehensive.spec.ts:168:7 › QUIZ AUTO-GRADING SYSTEM - Core Business Logic › Perfect score (10/10) = 100% and PASS 
    [chromium] › tests/quiz-comprehensive.spec.ts:217:7 › QUIZ AUTO-GRADING SYSTEM - Core Business Logic › Exact passing score (6/10) = 60% and PASS 
    [chromium] › tests/quiz-comprehensive.spec.ts:262:7 › QUIZ AUTO-GRADING SYSTEM - Core Business Logic › Below passing score (5/10) = 50% and FAIL 
    [chromium] › tests/quiz-comprehensive.spec.ts:306:7 › QUIZ AUTO-GRADING SYSTEM - Core Business Logic › All wrong answers (0/10) = 0% and FAIL 
    [chromium] › tests/quiz-comprehensive.spec.ts:352:7 › QUIZ AUTO-GRADING SYSTEM - Core Business Logic › Edge case: 59% should FAIL (5.9/10 rounds to 59%) 
    [chromium] › tests/quiz-comprehensive.spec.ts:406:7 › QUIZ AUTO-GRADING SYSTEM - Core Business Logic › Failed quiz allows retake and tracks best score 
    [chromium] › tests/quiz-comprehensive.spec.ts:479:7 › QUIZ AUTO-GRADING SYSTEM - Core Business Logic › Score calculation is mathematically correct 
    [chromium] › tests/quiz-comprehensive.spec.ts:528:7 › QUIZ SUBMISSION VALIDATION › Cannot submit quiz with unanswered questions 
    [chromium] › tests/quiz-comprehensive.spec.ts:570:7 › QUIZ SUBMISSION VALIDATION › Quiz timer functionality (if implemented) 
    [chromium] › tests/quiz-comprehensive.spec.ts:601:7 › QUIZ RESULTS AND FEEDBACK › Results page shows detailed feedback 
    [chromium] › tests/quiz-comprehensive.spec.ts:642:7 › QUIZ RESULTS AND FEEDBACK › Correct and incorrect answers are highlighted 
    [chromium] › tests/security-comprehensive.spec.ts:201:7 › SQL INJECTION PREVENTION › API endpoints reject malicious SQL payloads 
    [chromium] › tests/security-comprehensive.spec.ts:257:7 › XSS (Cross-Site Scripting) PREVENTION › Registration form sanitizes XSS attempts 
    [chromium] › tests/security-comprehensive.spec.ts:428:7 › AUTHORIZATION & ACCESS CONTROL › Unauthenticated users cannot access protected content 
    [chromium] › tests/security-comprehensive.spec.ts:505:7 › RATE LIMITING & DOS PROTECTION › Login rate limiting prevents brute force 
  51 passed (4.9m)

[36m  Serving HTML report at http://localhost:9323. Press Ctrl+C to quit.[39m
